******************************************************************************
                  TI ARM Linker PC v5.2.5                      
******************************************************************************
>> Linked Wed Mar 30 12:57:38 2016

OUTPUT FILE NAME:   <us.out>
ENTRY POINT SYMBOL: "_c_int00"  address: 00001265


MEMORY CONFIGURATION

         name            origin    length      used     unused   attr    fill
----------------------  --------  ---------  --------  --------  ----  --------
  FLASH                 00000000   00040000  000018cc  0003e734  R  X
  SRAM                  20000000   00008000  00000384  00007c7c  RW X


SEGMENT ALLOCATION MAP

run origin  load origin   length   init length attrs members
----------  ----------- ---------- ----------- ----- -------
00000000    00000000    000018d0   000018d0    r-x
  00000000    00000000    0000026c   0000026c    r-- .intvecs
  00000270    00000270    000014bc   000014bc    r-x .text
  0000172c    0000172c    0000016c   0000016c    r-- .const
  00001898    00001898    00000038   00000038    r-- .cinit
20000000    20000000    00000384   00000000    rw-
  20000000    20000000    00000200   00000000    rw- .stack
  20000200    20000200    00000170   00000000    rw- .bss
  20000370    20000370    00000014   00000000    rw- .data


SECTION ALLOCATION MAP

 output                                  attributes/
section   page    origin      length       input sections
--------  ----  ----------  ----------   ----------------
.intvecs   0    00000000    0000026c     
                  00000000    0000026c     tm4c123gh6pm_startup_ccs.obj (.intvecs)

.text      0    00000270    000014bc     
                  00000270    000003fc     main.obj (.text)
                  0000066c    000001b6     rtsv7M4_T_le_v4SPD16_eabi.lib : fd_add_t2.obj (.text)
                  00000822    00000136                                   : fd_div_t2.obj (.text)
                  00000958    00000130     driverlib.lib : gpio.obj (.text:GPIOPadConfigSet)
                  00000a88    0000010c                   : sysctl.obj (.text:SysCtlClockGet)
                  00000b94    000000fc     rtsv7M4_T_le_v4SPD16_eabi.lib : fd_mul_t2.obj (.text)
                  00000c90    000000f2     sensorlib.lib : i2cm_drv.obj (.text:I2CMIntHandler)
                  00000d82    00000002     --HOLE-- [fill = 0]
                  00000d84    000000f0     driverlib.lib : sysctl.obj (.text:SysCtlClockSet)
                  00000e74    0000009c     rtsv7M4_T_le_v4SPD16_eabi.lib : memcpy_t2.obj (.text)
                  00000f10    00000098     sensorlib.lib : i2cm_drv.obj (.text:I2CMStateIdle)
                  00000fa8    0000007a     rtsv7M4_T_le_v4SPD16_eabi.lib : memset_t2.obj (.text)
                  00001022    00000002     --HOLE-- [fill = 0]
                  00001024    0000006c                                   : autoinit.obj (.text)
                  00001090    0000006a                                   : copy_decompress_rle.obj (.text)
                  000010fa    00000002     --HOLE-- [fill = 0]
                  000010fc    00000068     driverlib.lib : interrupt.obj (.text:IntEnable)
                  00001164    0000005e     sensorlib.lib : i2cm_drv.obj (.text:I2CMStateWritePause)
                  000011c2    00000050                   : i2cm_drv.obj (.text:I2CMStateWriteFinal)
                  00001212    00000002     --HOLE-- [fill = 0]
                  00001214    00000050     driverlib.lib : sysctl.obj (.text:SysCtlPeripheralReset)
                  00001264    00000050     rtsv7M4_T_le_v4SPD16_eabi.lib : boot.obj (.text)
                  000012b4    0000004c                                   : cpy_tbl.obj (.text)
                  00001300    0000004a     sensorlib.lib : i2cm_drv.obj (.text:I2CMStateReadNext)
                  0000134a    00000002     --HOLE-- [fill = 0]
                  0000134c    00000048     driverlib.lib : gpio.obj (.text:GPIOPinConfigure)
                  00001394    00000048     sensorlib.lib : i2cm_drv.obj (.text:I2CMStateWriteNext)
                  000013dc    00000048     driverlib.lib : i2c.obj (.text:I2CMasterInitExpClk)
                  00001424    00000044     sensorlib.lib : i2cm_drv.obj (.text:I2CMStateCallback)
                  00001468    00000044     rtsv7M4_T_le_v4SPD16_eabi.lib : exit.obj (.text)
                  000014ac    00000040     sensorlib.lib : i2cm_drv.obj (.text:I2CMStateReadFinal)
                  000014ec    0000003e                   : i2cm_drv.obj (.text:I2CMStateReadPause)
                  0000152a    00000034                   : i2cm_drv.obj (.text:I2CMInit)
                  0000155e    00000002     --HOLE-- [fill = 0]
                  00001560    00000034     driverlib.lib : sysctl.obj (.text:SysCtlPeripheralEnable)
                  00001594    0000002a                   : gpio.obj (.text:GPIODirModeSet)
                  000015be    0000002a     sensorlib.lib : i2cm_drv.obj (.text:I2CMStateReadFirst)
                  000015e8    00000020                   : i2cm_drv.obj (.text:I2CMStateReadOne)
                  00001608    00000020     rtsv7M4_T_le_v4SPD16_eabi.lib : u_tofd_t2.obj (.text)
                  00001628    0000001a     sensorlib.lib : i2cm_drv.obj (.text:I2CMStateReadWait)
                  00001642    00000006     driverlib.lib : gpio.obj (.text:GPIOPinWrite)
                  00001648    0000001a     tm4c123gh6pm_startup_ccs.obj (.text)
                  00001662    00000018     driverlib.lib : gpio.obj (.text:GPIOPinTypeGPIOOutput)
                  0000167a    00000002     --HOLE-- [fill = 0]
                  0000167c    00000018     rtsv7M4_T_le_v4SPD16_eabi.lib : args_main.obj (.text)
                  00001694    00000014                                   : _lock.obj (.text)
                  000016a8    00000012     driverlib.lib : gpio.obj (.text:GPIOPinTypeI2C)
                  000016ba    00000012                   : gpio.obj (.text:GPIOPinTypeI2CSCL)
                  000016cc    0000000e     rtsv7M4_T_le_v4SPD16_eabi.lib : copy_decompress_none.obj (.text:decompress:none)
                  000016da    0000000c                                   : copy_zero_init.obj (.text:decompress:ZI)
                  000016e6    0000000a     driverlib.lib : i2c.obj (.text:I2CMasterEnable)
                  000016f0    00000008                   : i2c.obj (.text:I2CMasterBusy)
                  000016f8    00000008                   : i2c.obj (.text:I2CMasterIntClear)
                  00001700    00000008                   : i2c.obj (.text:I2CMasterIntEnableEx)
                  00001708    00000008                   : i2c.obj (.text:I2CMasterSlaveAddrSet)
                  00001710    00000006                   : sysctl.obj (.text:SysCtlDelay)
                  00001716    00000006     rtsv7M4_T_le_v4SPD16_eabi.lib : copy_decompress_rle.obj (.text:decompress:rle24)
                  0000171c    00000004     driverlib.lib : i2c.obj (.text:I2CMasterControl)
                  00001720    00000004                   : i2c.obj (.text:I2CMasterDataGet)
                  00001724    00000004                   : i2c.obj (.text:I2CMasterDataPut)
                  00001728    00000004     rtsv7M4_T_le_v4SPD16_eabi.lib : pre_init.obj (.text)

.const     0    0000172c    0000016c     
                  0000172c    00000090     driverlib.lib : gpio.obj (.const:g_pui32GPIOBaseAddrs)
                  000017bc    00000070                   : interrupt.obj (.const)
                  0000182c    0000006c                   : sysctl.obj (.const:g_pui32Xtals)

.cinit     0    00001898    00000038     
                  00001898    0000000f     (.cinit..data.load) [load image, compression = rle]
                  000018a7    00000001     --HOLE-- [fill = 0]
                  000018a8    0000000c     (__TI_handler_table)
                  000018b4    00000004     --HOLE-- [fill = 0]
                  000018b8    00000008     (.cinit..bss.load) [load image, compression = zero_init]
                  000018c0    00000010     (__TI_cinit_table)

.init_array 
*          0    00000000    00000000     UNINITIALIZED

.stack     0    20000000    00000200     UNINITIALIZED
                  20000000    00000200     --HOLE--

.bss       0    20000200    00000170     UNINITIALIZED
                  20000200    00000124     main.obj (.bss:g_sI2CInst)
                  20000324    00000004     --HOLE--
                  20000328    00000008     (.common:IR_dist_11_4)
                  20000330    00000008     (.common:IR_distanceHL)
                  20000338    00000008     (.common:IR_distanceHM)
                  20000340    00000008     (.common:IR_distanceVL)
                  20000348    00000008     (.common:IR_distanceVM)
                  20000350    00000008     (.common:a)
                  20000358    00000008     (.common:b)
                  20000360    00000008     (.common:c)
                  20000368    00000008     (.common:d)

.TI.noinit 
*          0    20000200    00000000     UNINITIALIZED

.data      0    20000370    00000014     UNINITIALIZED
                  20000370    00000008     rtsv7M4_T_le_v4SPD16_eabi.lib : _lock.obj (.data)
                  20000378    00000008                                   : exit.obj (.data)
                  20000380    00000004                                   : stkdepth_vars.obj (.data)

.TI.persistent 
*          0    20000370    00000000     UNINITIALIZED


LINKER GENERATED COPY TABLES

__TI_cinit_table @ 000018c0 records: 2, size/record: 8, table size: 16
	.data: load addr=00001898, load size=0000000f bytes, run addr=20000370, run size=00000014 bytes, compression=rle
	.bss: load addr=000018b8, load size=00000008 bytes, run addr=20000200, run size=00000170 bytes, compression=zero_init


LINKER GENERATED HANDLER TABLE

__TI_handler_table @ 000018a8 records: 3, size/record: 4, table size: 12
	index: 0, handler: __TI_decompress_rle24
	index: 1, handler: __TI_decompress_none
	index: 2, handler: __TI_zero_init


GLOBAL SYMBOLS: SORTED ALPHABETICALLY BY Name 

address   name                    
-------   ----                    
00001469  C$$EXIT                 
00001595  GPIODirModeSet          
00000959  GPIOPadConfigSet        
0000134d  GPIOPinConfigure        
00001663  GPIOPinTypeGPIOOutput   
000016a9  GPIOPinTypeI2C          
000016bb  GPIOPinTypeI2CSCL       
00001643  GPIOPinWrite            
0000152b  I2CMInit                
00000c91  I2CMIntHandler          
000016f1  I2CMasterBusy           
0000171d  I2CMasterControl        
00001721  I2CMasterDataGet        
00001725  I2CMasterDataPut        
000016e7  I2CMasterEnable         
000013dd  I2CMasterInitExpClk     
000016f9  I2CMasterIntClear       
00001701  I2CMasterIntEnableEx    
00001709  I2CMasterSlaveAddrSet   
20000328  IR_dist_11_4            
20000330  IR_distanceHL           
20000338  IR_distanceHM           
20000340  IR_distanceVL           
20000348  IR_distanceVM           
000010fd  IntEnable               
00001649  ResetISR                
UNDEFED   SHT$$INIT_ARRAY$$Base   
UNDEFED   SHT$$INIT_ARRAY$$Limit  
00000a89  SysCtlClockGet          
00000d85  SysCtlClockSet          
00001711  SysCtlDelay             
00001561  SysCtlPeripheralEnable  
00001215  SysCtlPeripheralReset   
00000271  USI2CIntHandler         
20000200  __STACK_END             
00000200  __STACK_SIZE            
20000200  __STACK_TOP             
000018c0  __TI_CINIT_Base         
000018d0  __TI_CINIT_Limit        
000018a8  __TI_Handler_Table_Base 
000018b4  __TI_Handler_Table_Limit
00001025  __TI_auto_init          
20000378  __TI_cleanup_ptr        
000016cd  __TI_decompress_none    
00001717  __TI_decompress_rle24   
2000037c  __TI_dtors_ptr          
00000000  __TI_static_base__      
000016db  __TI_zero_init          
00000677  __aeabi_dadd            
00000823  __aeabi_ddiv            
00000b95  __aeabi_dmul            
0000066d  __aeabi_dsub            
00000fa9  __aeabi_memclr          
00000fa9  __aeabi_memclr4         
00000fa9  __aeabi_memclr8         
00000e75  __aeabi_memcpy          
00000e75  __aeabi_memcpy4         
00000e75  __aeabi_memcpy8         
00000fab  __aeabi_memset          
00000fab  __aeabi_memset4         
00000fab  __aeabi_memset8         
00001609  __aeabi_ui2d            
ffffffff  __binit__               
ffffffff  __c_args__              
20000000  __stack                 
0000167d  _args_main              
00001265  _c_int00                
20000370  _lock                   
000016a3  _nop                    
0000169b  _register_lock          
00001695  _register_unlock        
00001729  _system_pre_init        
20000374  _unlock                 
20000350  a                       
0000146d  abort                   
20000358  b                       
ffffffff  binit                   
20000360  c                       
000012b5  copy_in                 
20000368  d                       
00001475  exit                    
00000000  g_pfnVectors            
20000200  g_sI2CInst              
00000391  main                    
20000380  main_func_sp            
00000e75  memcpy                  
00000fb1  memset                  
00000281  readI2C0byte            
00000301  writeI2C0byte           


GLOBAL SYMBOLS: SORTED BY Symbol Address 

address   name                    
-------   ----                    
00000000  __TI_static_base__      
00000000  g_pfnVectors            
00000200  __STACK_SIZE            
00000271  USI2CIntHandler         
00000281  readI2C0byte            
00000301  writeI2C0byte           
00000391  main                    
0000066d  __aeabi_dsub            
00000677  __aeabi_dadd            
00000823  __aeabi_ddiv            
00000959  GPIOPadConfigSet        
00000a89  SysCtlClockGet          
00000b95  __aeabi_dmul            
00000c91  I2CMIntHandler          
00000d85  SysCtlClockSet          
00000e75  __aeabi_memcpy          
00000e75  __aeabi_memcpy4         
00000e75  __aeabi_memcpy8         
00000e75  memcpy                  
00000fa9  __aeabi_memclr          
00000fa9  __aeabi_memclr4         
00000fa9  __aeabi_memclr8         
00000fab  __aeabi_memset          
00000fab  __aeabi_memset4         
00000fab  __aeabi_memset8         
00000fb1  memset                  
00001025  __TI_auto_init          
000010fd  IntEnable               
00001215  SysCtlPeripheralReset   
00001265  _c_int00                
000012b5  copy_in                 
0000134d  GPIOPinConfigure        
000013dd  I2CMasterInitExpClk     
00001469  C$$EXIT                 
0000146d  abort                   
00001475  exit                    
0000152b  I2CMInit                
00001561  SysCtlPeripheralEnable  
00001595  GPIODirModeSet          
00001609  __aeabi_ui2d            
00001643  GPIOPinWrite            
00001649  ResetISR                
00001663  GPIOPinTypeGPIOOutput   
0000167d  _args_main              
00001695  _register_unlock        
0000169b  _register_lock          
000016a3  _nop                    
000016a9  GPIOPinTypeI2C          
000016bb  GPIOPinTypeI2CSCL       
000016cd  __TI_decompress_none    
000016db  __TI_zero_init          
000016e7  I2CMasterEnable         
000016f1  I2CMasterBusy           
000016f9  I2CMasterIntClear       
00001701  I2CMasterIntEnableEx    
00001709  I2CMasterSlaveAddrSet   
00001711  SysCtlDelay             
00001717  __TI_decompress_rle24   
0000171d  I2CMasterControl        
00001721  I2CMasterDataGet        
00001725  I2CMasterDataPut        
00001729  _system_pre_init        
000018a8  __TI_Handler_Table_Base 
000018b4  __TI_Handler_Table_Limit
000018c0  __TI_CINIT_Base         
000018d0  __TI_CINIT_Limit        
20000000  __stack                 
20000200  __STACK_END             
20000200  __STACK_TOP             
20000200  g_sI2CInst              
20000328  IR_dist_11_4            
20000330  IR_distanceHL           
20000338  IR_distanceHM           
20000340  IR_distanceVL           
20000348  IR_distanceVM           
20000350  a                       
20000358  b                       
20000360  c                       
20000368  d                       
20000370  _lock                   
20000374  _unlock                 
20000378  __TI_cleanup_ptr        
2000037c  __TI_dtors_ptr          
20000380  main_func_sp            
ffffffff  __binit__               
ffffffff  __c_args__              
ffffffff  binit                   
UNDEFED   SHT$$INIT_ARRAY$$Base   
UNDEFED   SHT$$INIT_ARRAY$$Limit  

[89 symbols]
