<?xml version="1.0"?>
<link_info>
   <banner>TI ARM Linker PC v5.2.5</banner>
   <copyright>Copyright (c) 1996-2015 Texas Instruments Incorporated</copyright>
   <link_time>0x56fbb126</link_time>
   <link_errors>0x0</link_errors>
   <output_file>us.out</output_file>
   <entry_point>
      <name>_c_int00</name>
      <address>0x1391</address>
   </entry_point>
   <input_file_list>
      <input_file id="fl-2">
         <path>.\</path>
         <kind>object</kind>
         <file>main.obj</file>
         <name>main.obj</name>
      </input_file>
      <input_file id="fl-3">
         <path>.\</path>
         <kind>object</kind>
         <file>tm4c123gh6pm_startup_ccs.obj</file>
         <name>tm4c123gh6pm_startup_ccs.obj</name>
      </input_file>
      <input_file id="fl-a">
         <path>D:\ti\TivaWare_C_Series-2.1.1.71\driverlib\ccs\Debug\</path>
         <kind>archive</kind>
         <file>driverlib.lib</file>
         <name>gpio.obj</name>
      </input_file>
      <input_file id="fl-b">
         <path>D:\ti\TivaWare_C_Series-2.1.1.71\driverlib\ccs\Debug\</path>
         <kind>archive</kind>
         <file>driverlib.lib</file>
         <name>i2c.obj</name>
      </input_file>
      <input_file id="fl-c">
         <path>D:\ti\TivaWare_C_Series-2.1.1.71\driverlib\ccs\Debug\</path>
         <kind>archive</kind>
         <file>driverlib.lib</file>
         <name>interrupt.obj</name>
      </input_file>
      <input_file id="fl-d">
         <path>D:\ti\TivaWare_C_Series-2.1.1.71\driverlib\ccs\Debug\</path>
         <kind>archive</kind>
         <file>driverlib.lib</file>
         <name>sysctl.obj</name>
      </input_file>
      <input_file id="fl-e">
         <path>D:\ti\TivaWare_C_Series-2.1.1.71\driverlib\ccs\Debug\</path>
         <kind>archive</kind>
         <file>driverlib.lib</file>
         <name>cpu.obj</name>
      </input_file>
      <input_file id="fl-f">
         <path>D:\ti\TivaWare_C_Series-2.1.1.71\sensorlib\ccs\Debug\</path>
         <kind>archive</kind>
         <file>sensorlib.lib</file>
         <name>i2cm_drv.obj</name>
      </input_file>
      <input_file id="fl-131">
         <path>D:\ti\ccsv6\tools\compiler\ti-cgt-arm_5.2.5\lib\</path>
         <kind>archive</kind>
         <file>rtsv7M4_T_le_v4SPD16_eabi.lib</file>
         <name>boot.obj</name>
      </input_file>
      <input_file id="fl-132">
         <path>D:\ti\ccsv6\tools\compiler\ti-cgt-arm_5.2.5\lib\</path>
         <kind>archive</kind>
         <file>rtsv7M4_T_le_v4SPD16_eabi.lib</file>
         <name>copy_decompress_none.obj</name>
      </input_file>
      <input_file id="fl-133">
         <path>D:\ti\ccsv6\tools\compiler\ti-cgt-arm_5.2.5\lib\</path>
         <kind>archive</kind>
         <file>rtsv7M4_T_le_v4SPD16_eabi.lib</file>
         <name>copy_decompress_rle.obj</name>
      </input_file>
      <input_file id="fl-134">
         <path>D:\ti\ccsv6\tools\compiler\ti-cgt-arm_5.2.5\lib\</path>
         <kind>archive</kind>
         <file>rtsv7M4_T_le_v4SPD16_eabi.lib</file>
         <name>copy_zero_init.obj</name>
      </input_file>
      <input_file id="fl-135">
         <path>D:\ti\ccsv6\tools\compiler\ti-cgt-arm_5.2.5\lib\</path>
         <kind>archive</kind>
         <file>rtsv7M4_T_le_v4SPD16_eabi.lib</file>
         <name>exit.obj</name>
      </input_file>
      <input_file id="fl-136">
         <path>D:\ti\ccsv6\tools\compiler\ti-cgt-arm_5.2.5\lib\</path>
         <kind>archive</kind>
         <file>rtsv7M4_T_le_v4SPD16_eabi.lib</file>
         <name>fd_add_t2.obj</name>
      </input_file>
      <input_file id="fl-137">
         <path>D:\ti\ccsv6\tools\compiler\ti-cgt-arm_5.2.5\lib\</path>
         <kind>archive</kind>
         <file>rtsv7M4_T_le_v4SPD16_eabi.lib</file>
         <name>fd_div_t2.obj</name>
      </input_file>
      <input_file id="fl-138">
         <path>D:\ti\ccsv6\tools\compiler\ti-cgt-arm_5.2.5\lib\</path>
         <kind>archive</kind>
         <file>rtsv7M4_T_le_v4SPD16_eabi.lib</file>
         <name>fd_mul_t2.obj</name>
      </input_file>
      <input_file id="fl-139">
         <path>D:\ti\ccsv6\tools\compiler\ti-cgt-arm_5.2.5\lib\</path>
         <kind>archive</kind>
         <file>rtsv7M4_T_le_v4SPD16_eabi.lib</file>
         <name>memcpy_t2.obj</name>
      </input_file>
      <input_file id="fl-13a">
         <path>D:\ti\ccsv6\tools\compiler\ti-cgt-arm_5.2.5\lib\</path>
         <kind>archive</kind>
         <file>rtsv7M4_T_le_v4SPD16_eabi.lib</file>
         <name>memset_t2.obj</name>
      </input_file>
      <input_file id="fl-13b">
         <path>D:\ti\ccsv6\tools\compiler\ti-cgt-arm_5.2.5\lib\</path>
         <kind>archive</kind>
         <file>rtsv7M4_T_le_v4SPD16_eabi.lib</file>
         <name>pre_init.obj</name>
      </input_file>
      <input_file id="fl-13c">
         <path>D:\ti\ccsv6\tools\compiler\ti-cgt-arm_5.2.5\lib\</path>
         <kind>archive</kind>
         <file>rtsv7M4_T_le_v4SPD16_eabi.lib</file>
         <name>stkdepth_vars.obj</name>
      </input_file>
      <input_file id="fl-13d">
         <path>D:\ti\ccsv6\tools\compiler\ti-cgt-arm_5.2.5\lib\</path>
         <kind>archive</kind>
         <file>rtsv7M4_T_le_v4SPD16_eabi.lib</file>
         <name>u_tofd_t2.obj</name>
      </input_file>
      <input_file id="fl-13e">
         <path>D:\ti\ccsv6\tools\compiler\ti-cgt-arm_5.2.5\lib\</path>
         <kind>archive</kind>
         <file>rtsv7M4_T_le_v4SPD16_eabi.lib</file>
         <name>_lock.obj</name>
      </input_file>
      <input_file id="fl-13f">
         <path>D:\ti\ccsv6\tools\compiler\ti-cgt-arm_5.2.5\lib\</path>
         <kind>archive</kind>
         <file>rtsv7M4_T_le_v4SPD16_eabi.lib</file>
         <name>args_main.obj</name>
      </input_file>
      <input_file id="fl-140">
         <path>D:\ti\ccsv6\tools\compiler\ti-cgt-arm_5.2.5\lib\</path>
         <kind>archive</kind>
         <file>rtsv7M4_T_le_v4SPD16_eabi.lib</file>
         <name>autoinit.obj</name>
      </input_file>
      <input_file id="fl-141">
         <path>D:\ti\ccsv6\tools\compiler\ti-cgt-arm_5.2.5\lib\</path>
         <kind>archive</kind>
         <file>rtsv7M4_T_le_v4SPD16_eabi.lib</file>
         <name>cpy_tbl.obj</name>
      </input_file>
   </input_file_list>
   <object_component_list>
      <object_component id="oc-f">
         <name>.intvecs</name>
         <load_address>0x0</load_address>
         <run_address>0x0</run_address>
         <size>0x26c</size>
         <input_file_ref idref="fl-3"/>
      </object_component>
      <object_component id="oc-30">
         <name>.text</name>
         <load_address>0x270</load_address>
         <run_address>0x270</run_address>
         <size>0x528</size>
         <input_file_ref idref="fl-2"/>
      </object_component>
      <object_component id="oc-e9">
         <name>.text</name>
         <load_address>0x798</load_address>
         <run_address>0x798</run_address>
         <size>0x1b6</size>
         <input_file_ref idref="fl-136"/>
      </object_component>
      <object_component id="oc-f5">
         <name>.text</name>
         <load_address>0x94e</load_address>
         <run_address>0x94e</run_address>
         <size>0x136</size>
         <input_file_ref idref="fl-137"/>
      </object_component>
      <object_component id="oc-199">
         <name>.text:GPIOPadConfigSet</name>
         <load_address>0xa84</load_address>
         <run_address>0xa84</run_address>
         <size>0x130</size>
         <input_file_ref idref="fl-a"/>
      </object_component>
      <object_component id="oc-d2">
         <name>.text:SysCtlClockGet</name>
         <load_address>0xbb4</load_address>
         <run_address>0xbb4</run_address>
         <size>0x10c</size>
         <input_file_ref idref="fl-d"/>
      </object_component>
      <object_component id="oc-e4">
         <name>.text</name>
         <load_address>0xcc0</load_address>
         <run_address>0xcc0</run_address>
         <size>0xfc</size>
         <input_file_ref idref="fl-138"/>
      </object_component>
      <object_component id="oc-7e">
         <name>.text:I2CMIntHandler</name>
         <load_address>0xdbc</load_address>
         <run_address>0xdbc</run_address>
         <size>0xf2</size>
         <input_file_ref idref="fl-f"/>
      </object_component>
      <object_component id="oc-a2">
         <name>.text:SysCtlClockSet</name>
         <load_address>0xeb0</load_address>
         <run_address>0xeb0</run_address>
         <size>0xf0</size>
         <input_file_ref idref="fl-d"/>
      </object_component>
      <object_component id="oc-39">
         <name>.text</name>
         <load_address>0xfa0</load_address>
         <run_address>0xfa0</run_address>
         <size>0x9c</size>
         <input_file_ref idref="fl-139"/>
      </object_component>
      <object_component id="oc-182">
         <name>.text:I2CMStateIdle</name>
         <load_address>0x103c</load_address>
         <run_address>0x103c</run_address>
         <size>0x98</size>
         <input_file_ref idref="fl-f"/>
      </object_component>
      <object_component id="oc-52">
         <name>.text</name>
         <load_address>0x10d4</load_address>
         <run_address>0x10d4</run_address>
         <size>0x7a</size>
         <input_file_ref idref="fl-13a"/>
      </object_component>
      <object_component id="oc-64">
         <name>.text</name>
         <load_address>0x1150</load_address>
         <run_address>0x1150</run_address>
         <size>0x6c</size>
         <input_file_ref idref="fl-140"/>
      </object_component>
      <object_component id="oc-45">
         <name>.text</name>
         <load_address>0x11bc</load_address>
         <run_address>0x11bc</run_address>
         <size>0x6a</size>
         <input_file_ref idref="fl-133"/>
      </object_component>
      <object_component id="oc-1b3">
         <name>.text:IntEnable</name>
         <load_address>0x1228</load_address>
         <run_address>0x1228</run_address>
         <size>0x68</size>
         <input_file_ref idref="fl-c"/>
      </object_component>
      <object_component id="oc-170">
         <name>.text:I2CMStateWritePause</name>
         <load_address>0x1290</load_address>
         <run_address>0x1290</run_address>
         <size>0x5e</size>
         <input_file_ref idref="fl-f"/>
      </object_component>
      <object_component id="oc-176">
         <name>.text:I2CMStateWriteFinal</name>
         <load_address>0x12ee</load_address>
         <run_address>0x12ee</run_address>
         <size>0x50</size>
         <input_file_ref idref="fl-f"/>
      </object_component>
      <object_component id="oc-ae">
         <name>.text:SysCtlPeripheralReset</name>
         <load_address>0x1340</load_address>
         <run_address>0x1340</run_address>
         <size>0x50</size>
         <input_file_ref idref="fl-d"/>
      </object_component>
      <object_component id="oc-24">
         <name>.text</name>
         <load_address>0x1390</load_address>
         <run_address>0x1390</run_address>
         <size>0x50</size>
         <input_file_ref idref="fl-131"/>
      </object_component>
      <object_component id="oc-124">
         <name>.text</name>
         <load_address>0x13e0</load_address>
         <run_address>0x13e0</run_address>
         <size>0x4c</size>
         <input_file_ref idref="fl-141"/>
      </object_component>
      <object_component id="oc-15e">
         <name>.text:I2CMStateReadNext</name>
         <load_address>0x142c</load_address>
         <run_address>0x142c</run_address>
         <size>0x4a</size>
         <input_file_ref idref="fl-f"/>
      </object_component>
      <object_component id="oc-b4">
         <name>.text:GPIOPinConfigure</name>
         <load_address>0x1478</load_address>
         <run_address>0x1478</run_address>
         <size>0x48</size>
         <input_file_ref idref="fl-a"/>
      </object_component>
      <object_component id="oc-17c">
         <name>.text:I2CMStateWriteNext</name>
         <load_address>0x14c0</load_address>
         <run_address>0x14c0</run_address>
         <size>0x48</size>
         <input_file_ref idref="fl-f"/>
      </object_component>
      <object_component id="oc-1ad">
         <name>.text:I2CMasterInitExpClk</name>
         <load_address>0x1508</load_address>
         <run_address>0x1508</run_address>
         <size>0x48</size>
         <input_file_ref idref="fl-b"/>
      </object_component>
      <object_component id="oc-146">
         <name>.text:I2CMStateCallback</name>
         <load_address>0x1550</load_address>
         <run_address>0x1550</run_address>
         <size>0x44</size>
         <input_file_ref idref="fl-f"/>
      </object_component>
      <object_component id="oc-70">
         <name>.text</name>
         <load_address>0x1594</load_address>
         <run_address>0x1594</run_address>
         <size>0x44</size>
         <input_file_ref idref="fl-135"/>
      </object_component>
      <object_component id="oc-158">
         <name>.text:I2CMStateReadFinal</name>
         <load_address>0x15d8</load_address>
         <run_address>0x15d8</run_address>
         <size>0x40</size>
         <input_file_ref idref="fl-f"/>
      </object_component>
      <object_component id="oc-152">
         <name>.text:I2CMStateReadPause</name>
         <load_address>0x1618</load_address>
         <run_address>0x1618</run_address>
         <size>0x3e</size>
         <input_file_ref idref="fl-f"/>
      </object_component>
      <object_component id="oc-d8">
         <name>.text:I2CMInit</name>
         <load_address>0x1656</load_address>
         <run_address>0x1656</run_address>
         <size>0x34</size>
         <input_file_ref idref="fl-f"/>
      </object_component>
      <object_component id="oc-a8">
         <name>.text:SysCtlPeripheralEnable</name>
         <load_address>0x168c</load_address>
         <run_address>0x168c</run_address>
         <size>0x34</size>
         <input_file_ref idref="fl-d"/>
      </object_component>
      <object_component id="oc-19f">
         <name>.text:GPIODirModeSet</name>
         <load_address>0x16c0</load_address>
         <run_address>0x16c0</run_address>
         <size>0x2a</size>
         <input_file_ref idref="fl-a"/>
      </object_component>
      <object_component id="oc-164">
         <name>.text:I2CMStateReadFirst</name>
         <load_address>0x16ea</load_address>
         <run_address>0x16ea</run_address>
         <size>0x2a</size>
         <input_file_ref idref="fl-f"/>
      </object_component>
      <object_component id="oc-16a">
         <name>.text:I2CMStateReadOne</name>
         <load_address>0x1714</load_address>
         <run_address>0x1714</run_address>
         <size>0x20</size>
         <input_file_ref idref="fl-f"/>
      </object_component>
      <object_component id="oc-df">
         <name>.text</name>
         <load_address>0x1734</load_address>
         <run_address>0x1734</run_address>
         <size>0x20</size>
         <input_file_ref idref="fl-13d"/>
      </object_component>
      <object_component id="oc-14c">
         <name>.text:I2CMStateReadWait</name>
         <load_address>0x1754</load_address>
         <run_address>0x1754</run_address>
         <size>0x1a</size>
         <input_file_ref idref="fl-f"/>
      </object_component>
      <object_component id="oc-2a">
         <name>.text</name>
         <load_address>0x1770</load_address>
         <run_address>0x1770</run_address>
         <size>0x1a</size>
         <input_file_ref idref="fl-3"/>
      </object_component>
      <object_component id="oc-ba">
         <name>.text:GPIOPinTypeGPIOOutput</name>
         <load_address>0x178a</load_address>
         <run_address>0x178a</run_address>
         <size>0x18</size>
         <input_file_ref idref="fl-a"/>
      </object_component>
      <object_component id="oc-6a">
         <name>.text</name>
         <load_address>0x17a4</load_address>
         <run_address>0x17a4</run_address>
         <size>0x18</size>
         <input_file_ref idref="fl-13f"/>
      </object_component>
      <object_component id="oc-1db">
         <name>.text</name>
         <load_address>0x17bc</load_address>
         <run_address>0x17bc</run_address>
         <size>0x14</size>
         <input_file_ref idref="fl-13e"/>
      </object_component>
      <object_component id="oc-cc">
         <name>.text:GPIOPinTypeI2C</name>
         <load_address>0x17d0</load_address>
         <run_address>0x17d0</run_address>
         <size>0x12</size>
         <input_file_ref idref="fl-a"/>
      </object_component>
      <object_component id="oc-c6">
         <name>.text:GPIOPinTypeI2CSCL</name>
         <load_address>0x17e2</load_address>
         <run_address>0x17e2</run_address>
         <size>0x12</size>
         <input_file_ref idref="fl-a"/>
      </object_component>
      <object_component id="oc-12">
         <name>.text:decompress:none</name>
         <load_address>0x17f4</load_address>
         <run_address>0x17f4</run_address>
         <size>0xe</size>
         <input_file_ref idref="fl-132"/>
      </object_component>
      <object_component id="oc-1e">
         <name>.text:decompress:ZI</name>
         <load_address>0x1802</load_address>
         <run_address>0x1802</run_address>
         <size>0xc</size>
         <input_file_ref idref="fl-134"/>
      </object_component>
      <object_component id="oc-208">
         <name>.text:I2CMasterEnable</name>
         <load_address>0x180e</load_address>
         <run_address>0x180e</run_address>
         <size>0xa</size>
         <input_file_ref idref="fl-b"/>
      </object_component>
      <object_component id="oc-84">
         <name>.text:I2CMasterBusy</name>
         <load_address>0x1818</load_address>
         <run_address>0x1818</run_address>
         <size>0x8</size>
         <input_file_ref idref="fl-b"/>
      </object_component>
      <object_component id="oc-140">
         <name>.text:I2CMasterIntClear</name>
         <load_address>0x1820</load_address>
         <run_address>0x1820</run_address>
         <size>0x8</size>
         <input_file_ref idref="fl-b"/>
      </object_component>
      <object_component id="oc-1b9">
         <name>.text:I2CMasterIntEnableEx</name>
         <load_address>0x1828</load_address>
         <run_address>0x1828</run_address>
         <size>0x8</size>
         <input_file_ref idref="fl-b"/>
      </object_component>
      <object_component id="oc-8a">
         <name>.text:I2CMasterSlaveAddrSet</name>
         <load_address>0x1830</load_address>
         <run_address>0x1830</run_address>
         <size>0x8</size>
         <input_file_ref idref="fl-b"/>
      </object_component>
      <object_component id="oc-c0">
         <name>.text:GPIOPinWrite</name>
         <load_address>0x1838</load_address>
         <run_address>0x1838</run_address>
         <size>0x6</size>
         <input_file_ref idref="fl-a"/>
      </object_component>
      <object_component id="oc-de">
         <name>.text:SysCtlDelay</name>
         <load_address>0x183e</load_address>
         <run_address>0x183e</run_address>
         <size>0x6</size>
         <input_file_ref idref="fl-d"/>
      </object_component>
      <object_component id="oc-18">
         <name>.text:decompress:rle24</name>
         <load_address>0x1844</load_address>
         <run_address>0x1844</run_address>
         <size>0x6</size>
         <input_file_ref idref="fl-133"/>
      </object_component>
      <object_component id="oc-96">
         <name>.text:I2CMasterControl</name>
         <load_address>0x184a</load_address>
         <run_address>0x184a</run_address>
         <size>0x4</size>
         <input_file_ref idref="fl-b"/>
      </object_component>
      <object_component id="oc-9c">
         <name>.text:I2CMasterDataGet</name>
         <load_address>0x184e</load_address>
         <run_address>0x184e</run_address>
         <size>0x4</size>
         <input_file_ref idref="fl-b"/>
      </object_component>
      <object_component id="oc-90">
         <name>.text:I2CMasterDataPut</name>
         <load_address>0x1852</load_address>
         <run_address>0x1852</run_address>
         <size>0x4</size>
         <input_file_ref idref="fl-b"/>
      </object_component>
      <object_component id="oc-5e">
         <name>.text</name>
         <load_address>0x1856</load_address>
         <run_address>0x1856</run_address>
         <size>0x4</size>
         <input_file_ref idref="fl-13b"/>
      </object_component>
      <object_component id="oc-194">
         <name>.const:g_pui32GPIOBaseAddrs</name>
         <load_address>0x185c</load_address>
         <run_address>0x185c</run_address>
         <size>0x90</size>
         <input_file_ref idref="fl-a"/>
      </object_component>
      <object_component id="oc-20f">
         <name>.const</name>
         <load_address>0x18ec</load_address>
         <run_address>0x18ec</run_address>
         <size>0x70</size>
         <input_file_ref idref="fl-c"/>
      </object_component>
      <object_component id="oc-1a9">
         <name>.const:g_pui32Xtals</name>
         <load_address>0x195c</load_address>
         <run_address>0x195c</run_address>
         <size>0x6c</size>
         <input_file_ref idref="fl-d"/>
      </object_component>
      <object_component id="oc-247">
         <name>.cinit..data.load</name>
         <load_address>0x19c8</load_address>
         <run_address>0x19c8</run_address>
         <size>0xf</size>
      </object_component>
      <object_component id="oc-245">
         <name>__TI_handler_table</name>
         <load_address>0x19d8</load_address>
         <run_address>0x19d8</run_address>
         <size>0xc</size>
      </object_component>
      <object_component id="oc-248">
         <name>.cinit..bss.load</name>
         <load_address>0x19e8</load_address>
         <run_address>0x19e8</run_address>
         <size>0x8</size>
      </object_component>
      <object_component id="oc-246">
         <name>__TI_cinit_table</name>
         <load_address>0x19f0</load_address>
         <run_address>0x19f0</run_address>
         <size>0x10</size>
      </object_component>
      <object_component id="oc-29">
         <name>.stack</name>
         <uninitialized>true</uninitialized>
         <run_address>0x20000000</run_address>
         <size>0x0</size>
         <input_file_ref idref="fl-131"/>
      </object_component>
      <object_component id="oc-249">
         <name>.stack</name>
         <uninitialized>true</uninitialized>
         <run_address>0x20000000</run_address>
         <size>0x0</size>
      </object_component>
      <object_component id="oc-7b">
         <name>.bss:g_sI2CInst</name>
         <uninitialized>true</uninitialized>
         <run_address>0x20000200</run_address>
         <size>0x124</size>
         <input_file_ref idref="fl-2"/>
      </object_component>
      <object_component id="oc-ee">
         <name>.common:a</name>
         <uninitialized>true</uninitialized>
         <run_address>0x20000350</run_address>
         <size>0x8</size>
      </object_component>
      <object_component id="oc-f1">
         <name>.common:b</name>
         <uninitialized>true</uninitialized>
         <run_address>0x20000358</run_address>
         <size>0x8</size>
      </object_component>
      <object_component id="oc-f2">
         <name>.common:c</name>
         <uninitialized>true</uninitialized>
         <run_address>0x20000360</run_address>
         <size>0x8</size>
      </object_component>
      <object_component id="oc-f3">
         <name>.common:d</name>
         <uninitialized>true</uninitialized>
         <run_address>0x20000368</run_address>
         <size>0x8</size>
      </object_component>
      <object_component id="oc-fa">
         <name>.common:IR_distanceVM</name>
         <uninitialized>true</uninitialized>
         <run_address>0x20000348</run_address>
         <size>0x8</size>
      </object_component>
      <object_component id="oc-fb">
         <name>.common:IR_distanceVL</name>
         <uninitialized>true</uninitialized>
         <run_address>0x20000340</run_address>
         <size>0x8</size>
      </object_component>
      <object_component id="oc-fc">
         <name>.common:IR_distanceHL</name>
         <uninitialized>true</uninitialized>
         <run_address>0x20000330</run_address>
         <size>0x8</size>
      </object_component>
      <object_component id="oc-fd">
         <name>.common:IR_distanceHM</name>
         <uninitialized>true</uninitialized>
         <run_address>0x20000338</run_address>
         <size>0x8</size>
      </object_component>
      <object_component id="oc-f4">
         <name>.common:IR_dist_11_4</name>
         <uninitialized>true</uninitialized>
         <run_address>0x20000328</run_address>
         <size>0x8</size>
      </object_component>
      <object_component id="oc-131">
         <name>.data</name>
         <load_address>0x20000378</load_address>
         <run_address>0x20000378</run_address>
         <size>0x8</size>
         <input_file_ref idref="fl-135"/>
      </object_component>
      <object_component id="oc-76">
         <name>.data</name>
         <load_address>0x20000380</load_address>
         <run_address>0x20000380</run_address>
         <size>0x4</size>
         <input_file_ref idref="fl-13c"/>
      </object_component>
      <object_component id="oc-12e">
         <name>.data</name>
         <load_address>0x20000370</load_address>
         <run_address>0x20000370</run_address>
         <size>0x8</size>
         <input_file_ref idref="fl-13e"/>
      </object_component>
      <object_component id="oc-ef">
         <name>.debug_info</name>
         <load_address>0x0</load_address>
         <run_address>0x0</run_address>
         <size>0x712</size>
         <input_file_ref idref="fl-2"/>
      </object_component>
      <object_component id="oc-7c">
         <name>.debug_info</name>
         <load_address>0x712</load_address>
         <run_address>0x712</run_address>
         <size>0xd5</size>
         <input_file_ref idref="fl-2"/>
      </object_component>
      <object_component id="oc-31">
         <name>.debug_info</name>
         <load_address>0x7e7</load_address>
         <run_address>0x7e7</run_address>
         <size>0xb6e</size>
         <input_file_ref idref="fl-2"/>
      </object_component>
      <object_component id="oc-13b">
         <name>.debug_info</name>
         <load_address>0x1355</load_address>
         <run_address>0x1355</run_address>
         <size>0x4e6</size>
         <input_file_ref idref="fl-2"/>
      </object_component>
      <object_component id="oc-104">
         <name>.debug_info</name>
         <load_address>0x183b</load_address>
         <run_address>0x183b</run_address>
         <size>0x8b</size>
         <input_file_ref idref="fl-2"/>
      </object_component>
      <object_component id="oc-ff">
         <name>.debug_info</name>
         <load_address>0x18c6</load_address>
         <run_address>0x18c6</run_address>
         <size>0x18b</size>
         <input_file_ref idref="fl-2"/>
      </object_component>
      <object_component id="oc-38">
         <name>.debug_info</name>
         <load_address>0x1a51</load_address>
         <run_address>0x1a51</run_address>
         <size>0x12e</size>
         <input_file_ref idref="fl-3"/>
      </object_component>
      <object_component id="oc-10">
         <name>.debug_info</name>
         <load_address>0x1b7f</load_address>
         <run_address>0x1b7f</run_address>
         <size>0xed</size>
         <input_file_ref idref="fl-3"/>
      </object_component>
      <object_component id="oc-2b">
         <name>.debug_info</name>
         <load_address>0x1c6c</load_address>
         <run_address>0x1c6c</run_address>
         <size>0x269</size>
         <input_file_ref idref="fl-3"/>
      </object_component>
      <object_component id="oc-10b">
         <name>.debug_info</name>
         <load_address>0x1ed5</load_address>
         <run_address>0x1ed5</run_address>
         <size>0x84</size>
         <input_file_ref idref="fl-3"/>
      </object_component>
      <object_component id="oc-198">
         <name>.debug_info</name>
         <load_address>0x1f59</load_address>
         <run_address>0x1f59</run_address>
         <size>0x230</size>
         <input_file_ref idref="fl-a"/>
      </object_component>
      <object_component id="oc-195">
         <name>.debug_info</name>
         <load_address>0x2189</load_address>
         <run_address>0x2189</run_address>
         <size>0x15b</size>
         <input_file_ref idref="fl-a"/>
      </object_component>
      <object_component id="oc-c1">
         <name>.debug_info</name>
         <load_address>0x22e4</load_address>
         <run_address>0x22e4</run_address>
         <size>0x2a3</size>
         <input_file_ref idref="fl-a"/>
      </object_component>
      <object_component id="oc-1a0">
         <name>.debug_info</name>
         <load_address>0x2587</load_address>
         <run_address>0x2587</run_address>
         <size>0x2b3</size>
         <input_file_ref idref="fl-a"/>
      </object_component>
      <object_component id="oc-19a">
         <name>.debug_info</name>
         <load_address>0x283a</load_address>
         <run_address>0x283a</run_address>
         <size>0x316</size>
         <input_file_ref idref="fl-a"/>
      </object_component>
      <object_component id="oc-c7">
         <name>.debug_info</name>
         <load_address>0x2b50</load_address>
         <run_address>0x2b50</run_address>
         <size>0x2af</size>
         <input_file_ref idref="fl-a"/>
      </object_component>
      <object_component id="oc-cd">
         <name>.debug_info</name>
         <load_address>0x2dff</load_address>
         <run_address>0x2dff</run_address>
         <size>0x2a9</size>
         <input_file_ref idref="fl-a"/>
      </object_component>
      <object_component id="oc-bb">
         <name>.debug_info</name>
         <load_address>0x30a8</load_address>
         <run_address>0x30a8</run_address>
         <size>0x2b7</size>
         <input_file_ref idref="fl-a"/>
      </object_component>
      <object_component id="oc-b5">
         <name>.debug_info</name>
         <load_address>0x335f</load_address>
         <run_address>0x335f</run_address>
         <size>0x280</size>
         <input_file_ref idref="fl-a"/>
      </object_component>
      <object_component id="oc-18b">
         <name>.debug_info</name>
         <load_address>0x35df</load_address>
         <run_address>0x35df</run_address>
         <size>0x231</size>
         <input_file_ref idref="fl-b"/>
      </object_component>
      <object_component id="oc-8b">
         <name>.debug_info</name>
         <load_address>0x3810</load_address>
         <run_address>0x3810</run_address>
         <size>0x2ce</size>
         <input_file_ref idref="fl-b"/>
      </object_component>
      <object_component id="oc-1ba">
         <name>.debug_info</name>
         <load_address>0x3ade</load_address>
         <run_address>0x3ade</run_address>
         <size>0x29a</size>
         <input_file_ref idref="fl-b"/>
      </object_component>
      <object_component id="oc-141">
         <name>.debug_info</name>
         <load_address>0x3d78</load_address>
         <run_address>0x3d78</run_address>
         <size>0x252</size>
         <input_file_ref idref="fl-b"/>
      </object_component>
      <object_component id="oc-209">
         <name>.debug_info</name>
         <load_address>0x3fca</load_address>
         <run_address>0x3fca</run_address>
         <size>0x24e</size>
         <input_file_ref idref="fl-b"/>
      </object_component>
      <object_component id="oc-1ae">
         <name>.debug_info</name>
         <load_address>0x4218</load_address>
         <run_address>0x4218</run_address>
         <size>0x2e8</size>
         <input_file_ref idref="fl-b"/>
      </object_component>
      <object_component id="oc-91">
         <name>.debug_info</name>
         <load_address>0x4500</load_address>
         <run_address>0x4500</run_address>
         <size>0x27e</size>
         <input_file_ref idref="fl-b"/>
      </object_component>
      <object_component id="oc-9d">
         <name>.debug_info</name>
         <load_address>0x477e</load_address>
         <run_address>0x477e</run_address>
         <size>0x254</size>
         <input_file_ref idref="fl-b"/>
      </object_component>
      <object_component id="oc-97">
         <name>.debug_info</name>
         <load_address>0x49d2</load_address>
         <run_address>0x49d2</run_address>
         <size>0x27e</size>
         <input_file_ref idref="fl-b"/>
      </object_component>
      <object_component id="oc-85">
         <name>.debug_info</name>
         <load_address>0x4c50</load_address>
         <run_address>0x4c50</run_address>
         <size>0x24e</size>
         <input_file_ref idref="fl-b"/>
      </object_component>
      <object_component id="oc-213">
         <name>.debug_info</name>
         <load_address>0x4e9e</load_address>
         <run_address>0x4e9e</run_address>
         <size>0x20e</size>
         <input_file_ref idref="fl-c"/>
      </object_component>
      <object_component id="oc-210">
         <name>.debug_info</name>
         <load_address>0x50ac</load_address>
         <run_address>0x50ac</run_address>
         <size>0x210</size>
         <input_file_ref idref="fl-c"/>
      </object_component>
      <object_component id="oc-1b4">
         <name>.debug_info</name>
         <load_address>0x52bc</load_address>
         <run_address>0x52bc</run_address>
         <size>0x268</size>
         <input_file_ref idref="fl-c"/>
      </object_component>
      <object_component id="oc-191">
         <name>.debug_info</name>
         <load_address>0x5524</load_address>
         <run_address>0x5524</run_address>
         <size>0x27f</size>
         <input_file_ref idref="fl-d"/>
      </object_component>
      <object_component id="oc-1aa">
         <name>.debug_info</name>
         <load_address>0x57a3</load_address>
         <run_address>0x57a3</run_address>
         <size>0x14d</size>
         <input_file_ref idref="fl-d"/>
      </object_component>
      <object_component id="oc-af">
         <name>.debug_info</name>
         <load_address>0x58f0</load_address>
         <run_address>0x58f0</run_address>
         <size>0x295</size>
         <input_file_ref idref="fl-d"/>
      </object_component>
      <object_component id="oc-a9">
         <name>.debug_info</name>
         <load_address>0x5b85</load_address>
         <run_address>0x5b85</run_address>
         <size>0x27d</size>
         <input_file_ref idref="fl-d"/>
      </object_component>
      <object_component id="oc-a3">
         <name>.debug_info</name>
         <load_address>0x5e02</load_address>
         <run_address>0x5e02</run_address>
         <size>0x2db</size>
         <input_file_ref idref="fl-d"/>
      </object_component>
      <object_component id="oc-d3">
         <name>.debug_info</name>
         <load_address>0x60dd</load_address>
         <run_address>0x60dd</run_address>
         <size>0x2b5</size>
         <input_file_ref idref="fl-d"/>
      </object_component>
      <object_component id="oc-1fb">
         <name>.debug_info</name>
         <load_address>0x6392</load_address>
         <run_address>0x6392</run_address>
         <size>0x5f</size>
         <input_file_ref idref="fl-d"/>
      </object_component>
      <object_component id="oc-189">
         <name>.debug_info</name>
         <load_address>0x63f1</load_address>
         <run_address>0x63f1</run_address>
         <size>0x44b</size>
         <input_file_ref idref="fl-f"/>
      </object_component>
      <object_component id="oc-147">
         <name>.debug_info</name>
         <load_address>0x683c</load_address>
         <run_address>0x683c</run_address>
         <size>0x32c</size>
         <input_file_ref idref="fl-f"/>
      </object_component>
      <object_component id="oc-14d">
         <name>.debug_info</name>
         <load_address>0x6b68</load_address>
         <run_address>0x6b68</run_address>
         <size>0x2a1</size>
         <input_file_ref idref="fl-f"/>
      </object_component>
      <object_component id="oc-153">
         <name>.debug_info</name>
         <load_address>0x6e09</load_address>
         <run_address>0x6e09</run_address>
         <size>0x2ba</size>
         <input_file_ref idref="fl-f"/>
      </object_component>
      <object_component id="oc-159">
         <name>.debug_info</name>
         <load_address>0x70c3</load_address>
         <run_address>0x70c3</run_address>
         <size>0x2c7</size>
         <input_file_ref idref="fl-f"/>
      </object_component>
      <object_component id="oc-15f">
         <name>.debug_info</name>
         <load_address>0x738a</load_address>
         <run_address>0x738a</run_address>
         <size>0x2c5</size>
         <input_file_ref idref="fl-f"/>
      </object_component>
      <object_component id="oc-165">
         <name>.debug_info</name>
         <load_address>0x764f</load_address>
         <run_address>0x764f</run_address>
         <size>0x2bf</size>
         <input_file_ref idref="fl-f"/>
      </object_component>
      <object_component id="oc-16b">
         <name>.debug_info</name>
         <load_address>0x790e</load_address>
         <run_address>0x790e</run_address>
         <size>0x2bb</size>
         <input_file_ref idref="fl-f"/>
      </object_component>
      <object_component id="oc-171">
         <name>.debug_info</name>
         <load_address>0x7bc9</load_address>
         <run_address>0x7bc9</run_address>
         <size>0x2ea</size>
         <input_file_ref idref="fl-f"/>
      </object_component>
      <object_component id="oc-177">
         <name>.debug_info</name>
         <load_address>0x7eb3</load_address>
         <run_address>0x7eb3</run_address>
         <size>0x2e0</size>
         <input_file_ref idref="fl-f"/>
      </object_component>
      <object_component id="oc-17d">
         <name>.debug_info</name>
         <load_address>0x8193</load_address>
         <run_address>0x8193</run_address>
         <size>0x2c7</size>
         <input_file_ref idref="fl-f"/>
      </object_component>
      <object_component id="oc-183">
         <name>.debug_info</name>
         <load_address>0x845a</load_address>
         <run_address>0x845a</run_address>
         <size>0x32d</size>
         <input_file_ref idref="fl-f"/>
      </object_component>
      <object_component id="oc-7f">
         <name>.debug_info</name>
         <load_address>0x8787</load_address>
         <run_address>0x8787</run_address>
         <size>0x3f3</size>
         <input_file_ref idref="fl-f"/>
      </object_component>
      <object_component id="oc-d9">
         <name>.debug_info</name>
         <load_address>0x8b7a</load_address>
         <run_address>0x8b7a</run_address>
         <size>0x350</size>
         <input_file_ref idref="fl-f"/>
      </object_component>
      <object_component id="oc-27">
         <name>.debug_info</name>
         <load_address>0x8eca</load_address>
         <run_address>0x8eca</run_address>
         <size>0x134</size>
         <input_file_ref idref="fl-131"/>
      </object_component>
      <object_component id="oc-44">
         <name>.debug_info</name>
         <load_address>0x8ffe</load_address>
         <run_address>0x8ffe</run_address>
         <size>0x121</size>
         <input_file_ref idref="fl-132"/>
      </object_component>
      <object_component id="oc-16">
         <name>.debug_info</name>
         <load_address>0x911f</load_address>
         <run_address>0x911f</run_address>
         <size>0x1c0</size>
         <input_file_ref idref="fl-132"/>
      </object_component>
      <object_component id="oc-3f">
         <name>.debug_info</name>
         <load_address>0x92df</load_address>
         <run_address>0x92df</run_address>
         <size>0x46</size>
         <input_file_ref idref="fl-132"/>
      </object_component>
      <object_component id="oc-111">
         <name>.debug_info</name>
         <load_address>0x9325</load_address>
         <run_address>0x9325</run_address>
         <size>0x2c</size>
         <input_file_ref idref="fl-132"/>
      </object_component>
      <object_component id="oc-4c">
         <name>.debug_info</name>
         <load_address>0x9351</load_address>
         <run_address>0x9351</run_address>
         <size>0x115</size>
         <input_file_ref idref="fl-133"/>
      </object_component>
      <object_component id="oc-46">
         <name>.debug_info</name>
         <load_address>0x9466</load_address>
         <run_address>0x9466</run_address>
         <size>0x228</size>
         <input_file_ref idref="fl-133"/>
      </object_component>
      <object_component id="oc-19">
         <name>.debug_info</name>
         <load_address>0x968e</load_address>
         <run_address>0x968e</run_address>
         <size>0x192</size>
         <input_file_ref idref="fl-133"/>
      </object_component>
      <object_component id="oc-4d">
         <name>.debug_info</name>
         <load_address>0x9820</load_address>
         <run_address>0x9820</run_address>
         <size>0x39</size>
         <input_file_ref idref="fl-133"/>
      </object_component>
      <object_component id="oc-11b">
         <name>.debug_info</name>
         <load_address>0x9859</load_address>
         <run_address>0x9859</run_address>
         <size>0x2c</size>
         <input_file_ref idref="fl-133"/>
      </object_component>
      <object_component id="oc-5d">
         <name>.debug_info</name>
         <load_address>0x9885</load_address>
         <run_address>0x9885</run_address>
         <size>0x110</size>
         <input_file_ref idref="fl-134"/>
      </object_component>
      <object_component id="oc-22">
         <name>.debug_info</name>
         <load_address>0x9995</load_address>
         <run_address>0x9995</run_address>
         <size>0x18b</size>
         <input_file_ref idref="fl-134"/>
      </object_component>
      <object_component id="oc-58">
         <name>.debug_info</name>
         <load_address>0x9b20</load_address>
         <run_address>0x9b20</run_address>
         <size>0x46</size>
         <input_file_ref idref="fl-134"/>
      </object_component>
      <object_component id="oc-135">
         <name>.debug_info</name>
         <load_address>0x9b66</load_address>
         <run_address>0x9b66</run_address>
         <size>0x172</size>
         <input_file_ref idref="fl-135"/>
      </object_component>
      <object_component id="oc-132">
         <name>.debug_info</name>
         <load_address>0x9cd8</load_address>
         <run_address>0x9cd8</run_address>
         <size>0x117</size>
         <input_file_ref idref="fl-135"/>
      </object_component>
      <object_component id="oc-72">
         <name>.debug_info</name>
         <load_address>0x9def</load_address>
         <run_address>0x9def</run_address>
         <size>0x1ee</size>
         <input_file_ref idref="fl-135"/>
      </object_component>
      <object_component id="oc-ea">
         <name>.debug_info</name>
         <load_address>0x9fdd</load_address>
         <run_address>0x9fdd</run_address>
         <size>0x129</size>
         <input_file_ref idref="fl-136"/>
      </object_component>
      <object_component id="oc-f6">
         <name>.debug_info</name>
         <load_address>0xa106</load_address>
         <run_address>0xa106</run_address>
         <size>0x117</size>
         <input_file_ref idref="fl-137"/>
      </object_component>
      <object_component id="oc-e5">
         <name>.debug_info</name>
         <load_address>0xa21d</load_address>
         <run_address>0xa21d</run_address>
         <size>0x117</size>
         <input_file_ref idref="fl-138"/>
      </object_component>
      <object_component id="oc-3a">
         <name>.debug_info</name>
         <load_address>0xa334</load_address>
         <run_address>0xa334</run_address>
         <size>0xf6</size>
         <input_file_ref idref="fl-139"/>
      </object_component>
      <object_component id="oc-53">
         <name>.debug_info</name>
         <load_address>0xa42a</load_address>
         <run_address>0xa42a</run_address>
         <size>0x124</size>
         <input_file_ref idref="fl-13a"/>
      </object_component>
      <object_component id="oc-5f">
         <name>.debug_info</name>
         <load_address>0xa54e</load_address>
         <run_address>0xa54e</run_address>
         <size>0x129</size>
         <input_file_ref idref="fl-13b"/>
      </object_component>
      <object_component id="oc-77">
         <name>.debug_info</name>
         <load_address>0xa677</load_address>
         <run_address>0xa677</run_address>
         <size>0xea</size>
         <input_file_ref idref="fl-13c"/>
      </object_component>
      <object_component id="oc-e1">
         <name>.debug_info</name>
         <load_address>0xa761</load_address>
         <run_address>0xa761</run_address>
         <size>0x10b</size>
         <input_file_ref idref="fl-13d"/>
      </object_component>
      <object_component id="oc-1e3">
         <name>.debug_info</name>
         <load_address>0xa86c</load_address>
         <run_address>0xa86c</run_address>
         <size>0x105</size>
         <input_file_ref idref="fl-13e"/>
      </object_component>
      <object_component id="oc-12f">
         <name>.debug_info</name>
         <load_address>0xa971</load_address>
         <run_address>0xa971</run_address>
         <size>0xf4</size>
         <input_file_ref idref="fl-13e"/>
      </object_component>
      <object_component id="oc-1dc">
         <name>.debug_info</name>
         <load_address>0xaa65</load_address>
         <run_address>0xaa65</run_address>
         <size>0x200</size>
         <input_file_ref idref="fl-13e"/>
      </object_component>
      <object_component id="oc-12d">
         <name>.debug_info</name>
         <load_address>0xac65</load_address>
         <run_address>0xac65</run_address>
         <size>0x147</size>
         <input_file_ref idref="fl-13f"/>
      </object_component>
      <object_component id="oc-6b">
         <name>.debug_info</name>
         <load_address>0xadac</load_address>
         <run_address>0xadac</run_address>
         <size>0x148</size>
         <input_file_ref idref="fl-13f"/>
      </object_component>
      <object_component id="oc-1d6">
         <name>.debug_info</name>
         <load_address>0xaef4</load_address>
         <run_address>0xaef4</run_address>
         <size>0x5e</size>
         <input_file_ref idref="fl-13f"/>
      </object_component>
      <object_component id="oc-12b">
         <name>.debug_info</name>
         <load_address>0xaf52</load_address>
         <run_address>0xaf52</run_address>
         <size>0x29e</size>
         <input_file_ref idref="fl-140"/>
      </object_component>
      <object_component id="oc-65">
         <name>.debug_info</name>
         <load_address>0xb1f0</load_address>
         <run_address>0xb1f0</run_address>
         <size>0x158</size>
         <input_file_ref idref="fl-140"/>
      </object_component>
      <object_component id="oc-1ca">
         <name>.debug_info</name>
         <load_address>0xb348</load_address>
         <run_address>0xb348</run_address>
         <size>0x39</size>
         <input_file_ref idref="fl-140"/>
      </object_component>
      <object_component id="oc-1cf">
         <name>.debug_info</name>
         <load_address>0xb381</load_address>
         <run_address>0xb381</run_address>
         <size>0xcd</size>
         <input_file_ref idref="fl-140"/>
      </object_component>
      <object_component id="oc-1c7">
         <name>.debug_info</name>
         <load_address>0xb44e</load_address>
         <run_address>0xb44e</run_address>
         <size>0x1c1</size>
         <input_file_ref idref="fl-141"/>
      </object_component>
      <object_component id="oc-125">
         <name>.debug_info</name>
         <load_address>0xb60f</load_address>
         <run_address>0xb60f</run_address>
         <size>0x164</size>
         <input_file_ref idref="fl-141"/>
      </object_component>
      <object_component id="oc-217">
         <name>.debug_info</name>
         <load_address>0xb773</load_address>
         <run_address>0xb773</run_address>
         <size>0x2c</size>
         <input_file_ref idref="fl-141"/>
      </object_component>
      <object_component id="oc-24a">
         <name>.debug_info</name>
         <load_address>0xb79f</load_address>
         <run_address>0xb79f</run_address>
         <size>0xa7</size>
      </object_component>
      <object_component id="oc-1c4">
         <name>.debug_line</name>
         <load_address>0x0</load_address>
         <run_address>0x0</run_address>
         <size>0x106</size>
         <input_file_ref idref="fl-2"/>
      </object_component>
      <object_component id="oc-13a">
         <name>.debug_line</name>
         <load_address>0x106</load_address>
         <run_address>0x106</run_address>
         <size>0x2d</size>
         <input_file_ref idref="fl-2"/>
      </object_component>
      <object_component id="oc-34">
         <name>.debug_line</name>
         <load_address>0x133</load_address>
         <run_address>0x133</run_address>
         <size>0xed</size>
         <input_file_ref idref="fl-2"/>
      </object_component>
      <object_component id="oc-13e">
         <name>.debug_line</name>
         <load_address>0x220</load_address>
         <run_address>0x220</run_address>
         <size>0x59</size>
         <input_file_ref idref="fl-2"/>
      </object_component>
      <object_component id="oc-107">
         <name>.debug_line</name>
         <load_address>0x279</load_address>
         <run_address>0x279</run_address>
         <size>0x20</size>
         <input_file_ref idref="fl-2"/>
      </object_component>
      <object_component id="oc-102">
         <name>.debug_line</name>
         <load_address>0x299</load_address>
         <run_address>0x299</run_address>
         <size>0x60</size>
         <input_file_ref idref="fl-2"/>
      </object_component>
      <object_component id="oc-10a">
         <name>.debug_line</name>
         <load_address>0x2f9</load_address>
         <run_address>0x2f9</run_address>
         <size>0x41</size>
         <input_file_ref idref="fl-3"/>
      </object_component>
      <object_component id="oc-37">
         <name>.debug_line</name>
         <load_address>0x33a</load_address>
         <run_address>0x33a</run_address>
         <size>0x41</size>
         <input_file_ref idref="fl-3"/>
      </object_component>
      <object_component id="oc-2e">
         <name>.debug_line</name>
         <load_address>0x37b</load_address>
         <run_address>0x37b</run_address>
         <size>0xa1</size>
         <input_file_ref idref="fl-3"/>
      </object_component>
      <object_component id="oc-10e">
         <name>.debug_line</name>
         <load_address>0x41c</load_address>
         <run_address>0x41c</run_address>
         <size>0x20</size>
         <input_file_ref idref="fl-3"/>
      </object_component>
      <object_component id="oc-203">
         <name>.debug_line</name>
         <load_address>0x43c</load_address>
         <run_address>0x43c</run_address>
         <size>0x82</size>
         <input_file_ref idref="fl-a"/>
      </object_component>
      <object_component id="oc-201">
         <name>.debug_line</name>
         <load_address>0x4be</load_address>
         <run_address>0x4be</run_address>
         <size>0x7d</size>
         <input_file_ref idref="fl-a"/>
      </object_component>
      <object_component id="oc-c4">
         <name>.debug_line</name>
         <load_address>0x53b</load_address>
         <run_address>0x53b</run_address>
         <size>0x92</size>
         <input_file_ref idref="fl-a"/>
      </object_component>
      <object_component id="oc-1a3">
         <name>.debug_line</name>
         <load_address>0x5cd</load_address>
         <run_address>0x5cd</run_address>
         <size>0x95</size>
         <input_file_ref idref="fl-a"/>
      </object_component>
      <object_component id="oc-19d">
         <name>.debug_line</name>
         <load_address>0x662</load_address>
         <run_address>0x662</run_address>
         <size>0xd1</size>
         <input_file_ref idref="fl-a"/>
      </object_component>
      <object_component id="oc-ca">
         <name>.debug_line</name>
         <load_address>0x733</load_address>
         <run_address>0x733</run_address>
         <size>0x93</size>
         <input_file_ref idref="fl-a"/>
      </object_component>
      <object_component id="oc-d0">
         <name>.debug_line</name>
         <load_address>0x7c6</load_address>
         <run_address>0x7c6</run_address>
         <size>0x93</size>
         <input_file_ref idref="fl-a"/>
      </object_component>
      <object_component id="oc-be">
         <name>.debug_line</name>
         <load_address>0x859</load_address>
         <run_address>0x859</run_address>
         <size>0x99</size>
         <input_file_ref idref="fl-a"/>
      </object_component>
      <object_component id="oc-b8">
         <name>.debug_line</name>
         <load_address>0x8f2</load_address>
         <run_address>0x8f2</run_address>
         <size>0xa7</size>
         <input_file_ref idref="fl-a"/>
      </object_component>
      <object_component id="oc-1f8">
         <name>.debug_line</name>
         <load_address>0x999</load_address>
         <run_address>0x999</run_address>
         <size>0x82</size>
         <input_file_ref idref="fl-b"/>
      </object_component>
      <object_component id="oc-8e">
         <name>.debug_line</name>
         <load_address>0xa1b</load_address>
         <run_address>0xa1b</run_address>
         <size>0x91</size>
         <input_file_ref idref="fl-b"/>
      </object_component>
      <object_component id="oc-1bd">
         <name>.debug_line</name>
         <load_address>0xaac</load_address>
         <run_address>0xaac</run_address>
         <size>0x91</size>
         <input_file_ref idref="fl-b"/>
      </object_component>
      <object_component id="oc-144">
         <name>.debug_line</name>
         <load_address>0xb3d</load_address>
         <run_address>0xb3d</run_address>
         <size>0x92</size>
         <input_file_ref idref="fl-b"/>
      </object_component>
      <object_component id="oc-20c">
         <name>.debug_line</name>
         <load_address>0xbcf</load_address>
         <run_address>0xbcf</run_address>
         <size>0x91</size>
         <input_file_ref idref="fl-b"/>
      </object_component>
      <object_component id="oc-1b1">
         <name>.debug_line</name>
         <load_address>0xc60</load_address>
         <run_address>0xc60</run_address>
         <size>0xa2</size>
         <input_file_ref idref="fl-b"/>
      </object_component>
      <object_component id="oc-94">
         <name>.debug_line</name>
         <load_address>0xd02</load_address>
         <run_address>0xd02</run_address>
         <size>0x91</size>
         <input_file_ref idref="fl-b"/>
      </object_component>
      <object_component id="oc-a0">
         <name>.debug_line</name>
         <load_address>0xd93</load_address>
         <run_address>0xd93</run_address>
         <size>0x91</size>
         <input_file_ref idref="fl-b"/>
      </object_component>
      <object_component id="oc-9a">
         <name>.debug_line</name>
         <load_address>0xe24</load_address>
         <run_address>0xe24</run_address>
         <size>0x91</size>
         <input_file_ref idref="fl-b"/>
      </object_component>
      <object_component id="oc-88">
         <name>.debug_line</name>
         <load_address>0xeb5</load_address>
         <run_address>0xeb5</run_address>
         <size>0x91</size>
         <input_file_ref idref="fl-b"/>
      </object_component>
      <object_component id="oc-223">
         <name>.debug_line</name>
         <load_address>0xf46</load_address>
         <run_address>0xf46</run_address>
         <size>0x7c</size>
         <input_file_ref idref="fl-c"/>
      </object_component>
      <object_component id="oc-221">
         <name>.debug_line</name>
         <load_address>0xfc2</load_address>
         <run_address>0xfc2</run_address>
         <size>0x82</size>
         <input_file_ref idref="fl-c"/>
      </object_component>
      <object_component id="oc-1b7">
         <name>.debug_line</name>
         <load_address>0x1044</load_address>
         <run_address>0x1044</run_address>
         <size>0xc2</size>
         <input_file_ref idref="fl-c"/>
      </object_component>
      <object_component id="oc-1fa">
         <name>.debug_line</name>
         <load_address>0x1106</load_address>
         <run_address>0x1106</run_address>
         <size>0x13d</size>
         <input_file_ref idref="fl-d"/>
      </object_component>
      <object_component id="oc-207">
         <name>.debug_line</name>
         <load_address>0x1243</load_address>
         <run_address>0x1243</run_address>
         <size>0x7f</size>
         <input_file_ref idref="fl-d"/>
      </object_component>
      <object_component id="oc-b2">
         <name>.debug_line</name>
         <load_address>0x12c2</load_address>
         <run_address>0x12c2</run_address>
         <size>0xa7</size>
         <input_file_ref idref="fl-d"/>
      </object_component>
      <object_component id="oc-ac">
         <name>.debug_line</name>
         <load_address>0x1369</load_address>
         <run_address>0x1369</run_address>
         <size>0x94</size>
         <input_file_ref idref="fl-d"/>
      </object_component>
      <object_component id="oc-a6">
         <name>.debug_line</name>
         <load_address>0x13fd</load_address>
         <run_address>0x13fd</run_address>
         <size>0xe8</size>
         <input_file_ref idref="fl-d"/>
      </object_component>
      <object_component id="oc-d6">
         <name>.debug_line</name>
         <load_address>0x14e5</load_address>
         <run_address>0x14e5</run_address>
         <size>0x116</size>
         <input_file_ref idref="fl-d"/>
      </object_component>
      <object_component id="oc-1fe">
         <name>.debug_line</name>
         <load_address>0x15fb</load_address>
         <run_address>0x15fb</run_address>
         <size>0x7f</size>
         <input_file_ref idref="fl-d"/>
      </object_component>
      <object_component id="oc-1f6">
         <name>.debug_line</name>
         <load_address>0x167a</load_address>
         <run_address>0x167a</run_address>
         <size>0xde</size>
         <input_file_ref idref="fl-f"/>
      </object_component>
      <object_component id="oc-14a">
         <name>.debug_line</name>
         <load_address>0x1758</load_address>
         <run_address>0x1758</run_address>
         <size>0xb1</size>
         <input_file_ref idref="fl-f"/>
      </object_component>
      <object_component id="oc-150">
         <name>.debug_line</name>
         <load_address>0x1809</load_address>
         <run_address>0x1809</run_address>
         <size>0xa3</size>
         <input_file_ref idref="fl-f"/>
      </object_component>
      <object_component id="oc-156">
         <name>.debug_line</name>
         <load_address>0x18ac</load_address>
         <run_address>0x18ac</run_address>
         <size>0xb1</size>
         <input_file_ref idref="fl-f"/>
      </object_component>
      <object_component id="oc-15c">
         <name>.debug_line</name>
         <load_address>0x195d</load_address>
         <run_address>0x195d</run_address>
         <size>0xaf</size>
         <input_file_ref idref="fl-f"/>
      </object_component>
      <object_component id="oc-162">
         <name>.debug_line</name>
         <load_address>0x1a0c</load_address>
         <run_address>0x1a0c</run_address>
         <size>0xb0</size>
         <input_file_ref idref="fl-f"/>
      </object_component>
      <object_component id="oc-168">
         <name>.debug_line</name>
         <load_address>0x1abc</load_address>
         <run_address>0x1abc</run_address>
         <size>0x9f</size>
         <input_file_ref idref="fl-f"/>
      </object_component>
      <object_component id="oc-16e">
         <name>.debug_line</name>
         <load_address>0x1b5b</load_address>
         <run_address>0x1b5b</run_address>
         <size>0x9f</size>
         <input_file_ref idref="fl-f"/>
      </object_component>
      <object_component id="oc-174">
         <name>.debug_line</name>
         <load_address>0x1bfa</load_address>
         <run_address>0x1bfa</run_address>
         <size>0xb6</size>
         <input_file_ref idref="fl-f"/>
      </object_component>
      <object_component id="oc-17a">
         <name>.debug_line</name>
         <load_address>0x1cb0</load_address>
         <run_address>0x1cb0</run_address>
         <size>0xb5</size>
         <input_file_ref idref="fl-f"/>
      </object_component>
      <object_component id="oc-180">
         <name>.debug_line</name>
         <load_address>0x1d65</load_address>
         <run_address>0x1d65</run_address>
         <size>0xb4</size>
         <input_file_ref idref="fl-f"/>
      </object_component>
      <object_component id="oc-186">
         <name>.debug_line</name>
         <load_address>0x1e19</load_address>
         <run_address>0x1e19</run_address>
         <size>0xe9</size>
         <input_file_ref idref="fl-f"/>
      </object_component>
      <object_component id="oc-82">
         <name>.debug_line</name>
         <load_address>0x1f02</load_address>
         <run_address>0x1f02</run_address>
         <size>0xdc</size>
         <input_file_ref idref="fl-f"/>
      </object_component>
      <object_component id="oc-dc">
         <name>.debug_line</name>
         <load_address>0x1fde</load_address>
         <run_address>0x1fde</run_address>
         <size>0xa5</size>
         <input_file_ref idref="fl-f"/>
      </object_component>
      <object_component id="oc-26">
         <name>.debug_line</name>
         <load_address>0x2083</load_address>
         <run_address>0x2083</run_address>
         <size>0x52</size>
         <input_file_ref idref="fl-131"/>
      </object_component>
      <object_component id="oc-117">
         <name>.debug_line</name>
         <load_address>0x20d5</load_address>
         <run_address>0x20d5</run_address>
         <size>0x80</size>
         <input_file_ref idref="fl-132"/>
      </object_component>
      <object_component id="oc-14">
         <name>.debug_line</name>
         <load_address>0x2155</load_address>
         <run_address>0x2155</run_address>
         <size>0x55</size>
         <input_file_ref idref="fl-132"/>
      </object_component>
      <object_component id="oc-42">
         <name>.debug_line</name>
         <load_address>0x21aa</load_address>
         <run_address>0x21aa</run_address>
         <size>0x3a</size>
         <input_file_ref idref="fl-132"/>
      </object_component>
      <object_component id="oc-114">
         <name>.debug_line</name>
         <load_address>0x21e4</load_address>
         <run_address>0x21e4</run_address>
         <size>0x80</size>
         <input_file_ref idref="fl-132"/>
      </object_component>
      <object_component id="oc-11a">
         <name>.debug_line</name>
         <load_address>0x2264</load_address>
         <run_address>0x2264</run_address>
         <size>0x80</size>
         <input_file_ref idref="fl-133"/>
      </object_component>
      <object_component id="oc-49">
         <name>.debug_line</name>
         <load_address>0x22e4</load_address>
         <run_address>0x22e4</run_address>
         <size>0x98</size>
         <input_file_ref idref="fl-133"/>
      </object_component>
      <object_component id="oc-1c">
         <name>.debug_line</name>
         <load_address>0x237c</load_address>
         <run_address>0x237c</run_address>
         <size>0x4b</size>
         <input_file_ref idref="fl-133"/>
      </object_component>
      <object_component id="oc-50">
         <name>.debug_line</name>
         <load_address>0x23c7</load_address>
         <run_address>0x23c7</run_address>
         <size>0x39</size>
         <input_file_ref idref="fl-133"/>
      </object_component>
      <object_component id="oc-11e">
         <name>.debug_line</name>
         <load_address>0x2400</load_address>
         <run_address>0x2400</run_address>
         <size>0x80</size>
         <input_file_ref idref="fl-133"/>
      </object_component>
      <object_component id="oc-122">
         <name>.debug_line</name>
         <load_address>0x2480</load_address>
         <run_address>0x2480</run_address>
         <size>0x80</size>
         <input_file_ref idref="fl-134"/>
      </object_component>
      <object_component id="oc-21">
         <name>.debug_line</name>
         <load_address>0x2500</load_address>
         <run_address>0x2500</run_address>
         <size>0x4f</size>
         <input_file_ref idref="fl-134"/>
      </object_component>
      <object_component id="oc-5b">
         <name>.debug_line</name>
         <load_address>0x254f</load_address>
         <run_address>0x254f</run_address>
         <size>0x34</size>
         <input_file_ref idref="fl-134"/>
      </object_component>
      <object_component id="oc-1e8">
         <name>.debug_line</name>
         <load_address>0x2583</load_address>
         <run_address>0x2583</run_address>
         <size>0x7f</size>
         <input_file_ref idref="fl-135"/>
      </object_component>
      <object_component id="oc-1e6">
         <name>.debug_line</name>
         <load_address>0x2602</load_address>
         <run_address>0x2602</run_address>
         <size>0x2a</size>
         <input_file_ref idref="fl-135"/>
      </object_component>
      <object_component id="oc-75">
         <name>.debug_line</name>
         <load_address>0x262c</load_address>
         <run_address>0x262c</run_address>
         <size>0x7a</size>
         <input_file_ref idref="fl-135"/>
      </object_component>
      <object_component id="oc-ed">
         <name>.debug_line</name>
         <load_address>0x26a6</load_address>
         <run_address>0x26a6</run_address>
         <size>0xd2</size>
         <input_file_ref idref="fl-136"/>
      </object_component>
      <object_component id="oc-f9">
         <name>.debug_line</name>
         <load_address>0x2778</load_address>
         <run_address>0x2778</run_address>
         <size>0xa8</size>
         <input_file_ref idref="fl-137"/>
      </object_component>
      <object_component id="oc-e8">
         <name>.debug_line</name>
         <load_address>0x2820</load_address>
         <run_address>0x2820</run_address>
         <size>0x8e</size>
         <input_file_ref idref="fl-138"/>
      </object_component>
      <object_component id="oc-3d">
         <name>.debug_line</name>
         <load_address>0x28ae</load_address>
         <run_address>0x28ae</run_address>
         <size>0x88</size>
         <input_file_ref idref="fl-139"/>
      </object_component>
      <object_component id="oc-56">
         <name>.debug_line</name>
         <load_address>0x2936</load_address>
         <run_address>0x2936</run_address>
         <size>0x79</size>
         <input_file_ref idref="fl-13a"/>
      </object_component>
      <object_component id="oc-62">
         <name>.debug_line</name>
         <load_address>0x29af</load_address>
         <run_address>0x29af</run_address>
         <size>0x40</size>
         <input_file_ref idref="fl-13b"/>
      </object_component>
      <object_component id="oc-138">
         <name>.debug_line</name>
         <load_address>0x29ef</load_address>
         <run_address>0x29ef</run_address>
         <size>0x33</size>
         <input_file_ref idref="fl-13c"/>
      </object_component>
      <object_component id="oc-e0">
         <name>.debug_line</name>
         <load_address>0x2a22</load_address>
         <run_address>0x2a22</run_address>
         <size>0x4c</size>
         <input_file_ref idref="fl-13d"/>
      </object_component>
      <object_component id="oc-21e">
         <name>.debug_line</name>
         <load_address>0x2a6e</load_address>
         <run_address>0x2a6e</run_address>
         <size>0x20</size>
         <input_file_ref idref="fl-13e"/>
      </object_component>
      <object_component id="oc-1e2">
         <name>.debug_line</name>
         <load_address>0x2a8e</load_address>
         <run_address>0x2a8e</run_address>
         <size>0x2b</size>
         <input_file_ref idref="fl-13e"/>
      </object_component>
      <object_component id="oc-1df">
         <name>.debug_line</name>
         <load_address>0x2ab9</load_address>
         <run_address>0x2ab9</run_address>
         <size>0x68</size>
         <input_file_ref idref="fl-13e"/>
      </object_component>
      <object_component id="oc-1d5">
         <name>.debug_line</name>
         <load_address>0x2b21</load_address>
         <run_address>0x2b21</run_address>
         <size>0x2b</size>
         <input_file_ref idref="fl-13f"/>
      </object_component>
      <object_component id="oc-6e">
         <name>.debug_line</name>
         <load_address>0x2b4c</load_address>
         <run_address>0x2b4c</run_address>
         <size>0x50</size>
         <input_file_ref idref="fl-13f"/>
      </object_component>
      <object_component id="oc-1d9">
         <name>.debug_line</name>
         <load_address>0x2b9c</load_address>
         <run_address>0x2b9c</run_address>
         <size>0x2b</size>
         <input_file_ref idref="fl-13f"/>
      </object_component>
      <object_component id="oc-1c9">
         <name>.debug_line</name>
         <load_address>0x2bc7</load_address>
         <run_address>0x2bc7</run_address>
         <size>0x8f</size>
         <input_file_ref idref="fl-140"/>
      </object_component>
      <object_component id="oc-68">
         <name>.debug_line</name>
         <load_address>0x2c56</load_address>
         <run_address>0x2c56</run_address>
         <size>0x79</size>
         <input_file_ref idref="fl-140"/>
      </object_component>
      <object_component id="oc-1cd">
         <name>.debug_line</name>
         <load_address>0x2ccf</load_address>
         <run_address>0x2ccf</run_address>
         <size>0x2e</size>
         <input_file_ref idref="fl-140"/>
      </object_component>
      <object_component id="oc-1d2">
         <name>.debug_line</name>
         <load_address>0x2cfd</load_address>
         <run_address>0x2cfd</run_address>
         <size>0x81</size>
         <input_file_ref idref="fl-140"/>
      </object_component>
      <object_component id="oc-216">
         <name>.debug_line</name>
         <load_address>0x2d7e</load_address>
         <run_address>0x2d7e</run_address>
         <size>0x8e</size>
         <input_file_ref idref="fl-141"/>
      </object_component>
      <object_component id="oc-128">
         <name>.debug_line</name>
         <load_address>0x2e0c</load_address>
         <run_address>0x2e0c</run_address>
         <size>0x68</size>
         <input_file_ref idref="fl-141"/>
      </object_component>
      <object_component id="oc-21a">
         <name>.debug_line</name>
         <load_address>0x2e74</load_address>
         <run_address>0x2e74</run_address>
         <size>0x2e</size>
         <input_file_ref idref="fl-141"/>
      </object_component>
      <object_component id="oc-35">
         <name>.debug_frame</name>
         <load_address>0x0</load_address>
         <run_address>0x0</run_address>
         <size>0xd7</size>
         <input_file_ref idref="fl-2"/>
      </object_component>
      <object_component id="oc-2f">
         <name>.debug_frame</name>
         <load_address>0xd7</load_address>
         <run_address>0xd7</run_address>
         <size>0xb2</size>
         <input_file_ref idref="fl-3"/>
      </object_component>
      <object_component id="oc-c5">
         <name>.debug_frame</name>
         <load_address>0x189</load_address>
         <run_address>0x189</run_address>
         <size>0x7f</size>
         <input_file_ref idref="fl-a"/>
      </object_component>
      <object_component id="oc-1a4">
         <name>.debug_frame</name>
         <load_address>0x208</load_address>
         <run_address>0x208</run_address>
         <size>0x7f</size>
         <input_file_ref idref="fl-a"/>
      </object_component>
      <object_component id="oc-19e">
         <name>.debug_frame</name>
         <load_address>0x287</load_address>
         <run_address>0x287</run_address>
         <size>0x8f</size>
         <input_file_ref idref="fl-a"/>
      </object_component>
      <object_component id="oc-cb">
         <name>.debug_frame</name>
         <load_address>0x316</load_address>
         <run_address>0x316</run_address>
         <size>0x86</size>
         <input_file_ref idref="fl-a"/>
      </object_component>
      <object_component id="oc-d1">
         <name>.debug_frame</name>
         <load_address>0x39c</load_address>
         <run_address>0x39c</run_address>
         <size>0x86</size>
         <input_file_ref idref="fl-a"/>
      </object_component>
      <object_component id="oc-bf">
         <name>.debug_frame</name>
         <load_address>0x422</load_address>
         <run_address>0x422</run_address>
         <size>0x8a</size>
         <input_file_ref idref="fl-a"/>
      </object_component>
      <object_component id="oc-b9">
         <name>.debug_frame</name>
         <load_address>0x4ac</load_address>
         <run_address>0x4ac</run_address>
         <size>0x86</size>
         <input_file_ref idref="fl-a"/>
      </object_component>
      <object_component id="oc-8f">
         <name>.debug_frame</name>
         <load_address>0x532</load_address>
         <run_address>0x532</run_address>
         <size>0x7f</size>
         <input_file_ref idref="fl-b"/>
      </object_component>
      <object_component id="oc-1be">
         <name>.debug_frame</name>
         <load_address>0x5b1</load_address>
         <run_address>0x5b1</run_address>
         <size>0x7f</size>
         <input_file_ref idref="fl-b"/>
      </object_component>
      <object_component id="oc-145">
         <name>.debug_frame</name>
         <load_address>0x630</load_address>
         <run_address>0x630</run_address>
         <size>0x7f</size>
         <input_file_ref idref="fl-b"/>
      </object_component>
      <object_component id="oc-20d">
         <name>.debug_frame</name>
         <load_address>0x6af</load_address>
         <run_address>0x6af</run_address>
         <size>0x7f</size>
         <input_file_ref idref="fl-b"/>
      </object_component>
      <object_component id="oc-1b2">
         <name>.debug_frame</name>
         <load_address>0x72e</load_address>
         <run_address>0x72e</run_address>
         <size>0x86</size>
         <input_file_ref idref="fl-b"/>
      </object_component>
      <object_component id="oc-95">
         <name>.debug_frame</name>
         <load_address>0x7b4</load_address>
         <run_address>0x7b4</run_address>
         <size>0x7f</size>
         <input_file_ref idref="fl-b"/>
      </object_component>
      <object_component id="oc-a1">
         <name>.debug_frame</name>
         <load_address>0x833</load_address>
         <run_address>0x833</run_address>
         <size>0x7f</size>
         <input_file_ref idref="fl-b"/>
      </object_component>
      <object_component id="oc-9b">
         <name>.debug_frame</name>
         <load_address>0x8b2</load_address>
         <run_address>0x8b2</run_address>
         <size>0x7f</size>
         <input_file_ref idref="fl-b"/>
      </object_component>
      <object_component id="oc-89">
         <name>.debug_frame</name>
         <load_address>0x931</load_address>
         <run_address>0x931</run_address>
         <size>0x7f</size>
         <input_file_ref idref="fl-b"/>
      </object_component>
      <object_component id="oc-1b8">
         <name>.debug_frame</name>
         <load_address>0x9b0</load_address>
         <run_address>0x9b0</run_address>
         <size>0x7f</size>
         <input_file_ref idref="fl-c"/>
      </object_component>
      <object_component id="oc-b3">
         <name>.debug_frame</name>
         <load_address>0xa2f</load_address>
         <run_address>0xa2f</run_address>
         <size>0x85</size>
         <input_file_ref idref="fl-d"/>
      </object_component>
      <object_component id="oc-ad">
         <name>.debug_frame</name>
         <load_address>0xab4</load_address>
         <run_address>0xab4</run_address>
         <size>0x7f</size>
         <input_file_ref idref="fl-d"/>
      </object_component>
      <object_component id="oc-a7">
         <name>.debug_frame</name>
         <load_address>0xb33</load_address>
         <run_address>0xb33</run_address>
         <size>0x91</size>
         <input_file_ref idref="fl-d"/>
      </object_component>
      <object_component id="oc-d7">
         <name>.debug_frame</name>
         <load_address>0xbc4</load_address>
         <run_address>0xbc4</run_address>
         <size>0x8e</size>
         <input_file_ref idref="fl-d"/>
      </object_component>
      <object_component id="oc-14b">
         <name>.debug_frame</name>
         <load_address>0xc52</load_address>
         <run_address>0xc52</run_address>
         <size>0x8a</size>
         <input_file_ref idref="fl-f"/>
      </object_component>
      <object_component id="oc-151">
         <name>.debug_frame</name>
         <load_address>0xcdc</load_address>
         <run_address>0xcdc</run_address>
         <size>0x8a</size>
         <input_file_ref idref="fl-f"/>
      </object_component>
      <object_component id="oc-157">
         <name>.debug_frame</name>
         <load_address>0xd66</load_address>
         <run_address>0xd66</run_address>
         <size>0x8a</size>
         <input_file_ref idref="fl-f"/>
      </object_component>
      <object_component id="oc-15d">
         <name>.debug_frame</name>
         <load_address>0xdf0</load_address>
         <run_address>0xdf0</run_address>
         <size>0x90</size>
         <input_file_ref idref="fl-f"/>
      </object_component>
      <object_component id="oc-163">
         <name>.debug_frame</name>
         <load_address>0xe80</load_address>
         <run_address>0xe80</run_address>
         <size>0x90</size>
         <input_file_ref idref="fl-f"/>
      </object_component>
      <object_component id="oc-169">
         <name>.debug_frame</name>
         <load_address>0xf10</load_address>
         <run_address>0xf10</run_address>
         <size>0x8a</size>
         <input_file_ref idref="fl-f"/>
      </object_component>
      <object_component id="oc-16f">
         <name>.debug_frame</name>
         <load_address>0xf9a</load_address>
         <run_address>0xf9a</run_address>
         <size>0x86</size>
         <input_file_ref idref="fl-f"/>
      </object_component>
      <object_component id="oc-175">
         <name>.debug_frame</name>
         <load_address>0x1020</load_address>
         <run_address>0x1020</run_address>
         <size>0x8a</size>
         <input_file_ref idref="fl-f"/>
      </object_component>
      <object_component id="oc-17b">
         <name>.debug_frame</name>
         <load_address>0x10aa</load_address>
         <run_address>0x10aa</run_address>
         <size>0x90</size>
         <input_file_ref idref="fl-f"/>
      </object_component>
      <object_component id="oc-181">
         <name>.debug_frame</name>
         <load_address>0x113a</load_address>
         <run_address>0x113a</run_address>
         <size>0x90</size>
         <input_file_ref idref="fl-f"/>
      </object_component>
      <object_component id="oc-187">
         <name>.debug_frame</name>
         <load_address>0x11ca</load_address>
         <run_address>0x11ca</run_address>
         <size>0x8b</size>
         <input_file_ref idref="fl-f"/>
      </object_component>
      <object_component id="oc-83">
         <name>.debug_frame</name>
         <load_address>0x1255</load_address>
         <run_address>0x1255</run_address>
         <size>0x9e</size>
         <input_file_ref idref="fl-f"/>
      </object_component>
      <object_component id="oc-dd">
         <name>.debug_frame</name>
[...]
            <object_component_ref idref="oc-db"/>
            <object_component_ref idref="oc-28"/>
            <object_component_ref idref="oc-17"/>
            <object_component_ref idref="oc-48"/>
            <object_component_ref idref="oc-1b"/>
            <object_component_ref idref="oc-23"/>
            <object_component_ref idref="oc-133"/>
            <object_component_ref idref="oc-73"/>
            <object_component_ref idref="oc-ec"/>
            <object_component_ref idref="oc-f8"/>
            <object_component_ref idref="oc-e7"/>
            <object_component_ref idref="oc-3c"/>
            <object_component_ref idref="oc-55"/>
            <object_component_ref idref="oc-61"/>
            <object_component_ref idref="oc-78"/>
            <object_component_ref idref="oc-e3"/>
            <object_component_ref idref="oc-130"/>
            <object_component_ref idref="oc-1de"/>
            <object_component_ref idref="oc-6d"/>
            <object_component_ref idref="oc-67"/>
            <object_component_ref idref="oc-127"/>
         </contents>
      </logical_group>
      <logical_group id="lg-243" display="never" color="cyan">
         <name>.debug_pubtypes</name>
         <load_address>0x0</load_address>
         <run_address>0x0</run_address>
         <size>0x68c</size>
         <contents>
            <object_component_ref idref="oc-13c"/>
            <object_component_ref idref="oc-105"/>
            <object_component_ref idref="oc-100"/>
            <object_component_ref idref="oc-10c"/>
            <object_component_ref idref="oc-1fc"/>
            <object_component_ref idref="oc-40"/>
            <object_component_ref idref="oc-112"/>
            <object_component_ref idref="oc-4e"/>
            <object_component_ref idref="oc-11c"/>
            <object_component_ref idref="oc-59"/>
            <object_component_ref idref="oc-136"/>
            <object_component_ref idref="oc-1e4"/>
            <object_component_ref idref="oc-1d7"/>
            <object_component_ref idref="oc-1cb"/>
            <object_component_ref idref="oc-1d0"/>
            <object_component_ref idref="oc-218"/>
         </contents>
      </logical_group>
      <load_segment id="lg-256" display="no" color="cyan">
         <name>SEGMENT_0</name>
         <load_address>0x0</load_address>
         <run_address>0x0</run_address>
         <size>0x1a00</size>
         <flags>0x5</flags>
         <contents>
            <logical_group_ref idref="lg-3"/>
            <logical_group_ref idref="lg-4"/>
            <logical_group_ref idref="lg-5"/>
            <logical_group_ref idref="lg-6"/>
         </contents>
      </load_segment>
      <load_segment id="lg-257" display="no" color="cyan">
         <name>SEGMENT_1</name>
         <run_address>0x20000000</run_address>
         <size>0x384</size>
         <flags>0x6</flags>
         <contents>
            <logical_group_ref idref="lg-d"/>
            <logical_group_ref idref="lg-b"/>
            <logical_group_ref idref="lg-a"/>
         </contents>
      </load_segment>
   </logical_group_list>
   <placement_map>
      <memory_area display="yes" color="green">
         <name>FLASH</name>
         <page_id>0x0</page_id>
         <origin>0x0</origin>
         <length>0x40000</length>
         <used_space>0x19fa</used_space>
         <unused_space>0x3e606</unused_space>
         <attributes>RX</attributes>
         <usage_details>
            <allocated_space>
               <start_address>0x0</start_address>
               <size>0x26c</size>
               <logical_group_ref idref="lg-3"/>
            </allocated_space>
            <available_space>
               <start_address>0x26c</start_address>
               <size>0x4</size>
            </available_space>
            <allocated_space>
               <start_address>0x270</start_address>
               <size>0x15ea</size>
               <logical_group_ref idref="lg-4"/>
            </allocated_space>
            <available_space>
               <start_address>0x185a</start_address>
               <size>0x2</size>
            </available_space>
            <allocated_space>
               <start_address>0x185c</start_address>
               <size>0x16c</size>
               <logical_group_ref idref="lg-5"/>
            </allocated_space>
            <allocated_space>
               <start_address>0x19c8</start_address>
               <size>0x38</size>
               <logical_group_ref idref="lg-6"/>
            </allocated_space>
            <available_space>
               <start_address>0x1a00</start_address>
               <size>0x3e600</size>
            </available_space>
         </usage_details>
      </memory_area>
      <memory_area display="yes" color="green">
         <name>SRAM</name>
         <page_id>0x0</page_id>
         <origin>0x20000000</origin>
         <length>0x8000</length>
         <used_space>0x384</used_space>
         <unused_space>0x7c7c</unused_space>
         <attributes>RWX</attributes>
         <usage_details>
            <allocated_space>
               <start_address>0x20000000</start_address>
               <size>0x200</size>
               <logical_group_ref idref="lg-d"/>
            </allocated_space>
            <allocated_space>
               <start_address>0x20000200</start_address>
               <size>0x170</size>
               <logical_group_ref idref="lg-224"/>
            </allocated_space>
            <allocated_space>
               <start_address>0x20000370</start_address>
               <size>0x14</size>
               <logical_group_ref idref="lg-226"/>
            </allocated_space>
            <available_space>
               <start_address>0x20000384</start_address>
               <size>0x7c7c</size>
            </available_space>
         </usage_details>
      </memory_area>
   </placement_map>
   <cptbl_list>
      <cptbl>
         <name>__TI_cinit_table</name>
         <cprec>
            <name>.data</name>
            <load_address>0x19c8</load_address>
            <load_size>0xf</load_size>
            <run_address>0x20000370</run_address>
            <run_size>0x14</run_size>
            <compression>rle</compression>
         </cprec>
         <cprec>
            <name>.bss</name>
            <load_address>0x19e8</load_address>
            <load_size>0x8</load_size>
            <run_address>0x20000200</run_address>
            <run_size>0x170</run_size>
            <compression>zero_init</compression>
         </cprec>
      </cptbl>
   </cptbl_list>
   <handler_table>
      <handler_table_name>__TI_handler_table</handler_table_name>
      <handler>
         <index>0x0</index>
         <name>__TI_decompress_rle24</name>
      </handler>
      <handler>
         <index>0x1</index>
         <name>__TI_decompress_none</name>
      </handler>
      <handler>
         <index>0x2</index>
         <name>__TI_zero_init</name>
      </handler>
   </handler_table>
   <symbol_table>
      <symbol id="sm-1">
         <name>__STACK_TOP</name>
         <value>0x20000200</value>
      </symbol>
      <symbol id="sm-2">
         <name>__TI_CINIT_Base</name>
         <value>0x19f0</value>
      </symbol>
      <symbol id="sm-3">
         <name>__TI_CINIT_Limit</name>
         <value>0x1a00</value>
      </symbol>
      <symbol id="sm-4">
         <name>__TI_Handler_Table_Base</name>
         <value>0x19d8</value>
      </symbol>
      <symbol id="sm-5">
         <name>__TI_Handler_Table_Limit</name>
         <value>0x19e4</value>
      </symbol>
      <symbol id="sm-6">
         <name>binit</name>
         <value>0xffffffff</value>
      </symbol>
      <symbol id="sm-7">
         <name>__binit__</name>
         <value>0xffffffff</value>
      </symbol>
      <symbol id="sm-8">
         <name>__STACK_SIZE</name>
         <value>0x200</value>
      </symbol>
      <symbol id="sm-9">
         <name>__STACK_END</name>
         <value>0x20000200</value>
      </symbol>
      <symbol id="sm-a">
         <name>__c_args__</name>
         <value>0xffffffff</value>
      </symbol>
      <symbol id="sm-5d">
         <name>a</name>
         <value>0x20000350</value>
      </symbol>
      <symbol id="sm-5e">
         <name>b</name>
         <value>0x20000358</value>
      </symbol>
      <symbol id="sm-5f">
         <name>c</name>
         <value>0x20000360</value>
      </symbol>
      <symbol id="sm-60">
         <name>d</name>
         <value>0x20000368</value>
      </symbol>
      <symbol id="sm-61">
         <name>IR_distanceVM</name>
         <value>0x20000348</value>
      </symbol>
      <symbol id="sm-62">
         <name>IR_distanceVL</name>
         <value>0x20000340</value>
      </symbol>
      <symbol id="sm-63">
         <name>IR_distanceHL</name>
         <value>0x20000330</value>
      </symbol>
      <symbol id="sm-64">
         <name>IR_distanceHM</name>
         <value>0x20000338</value>
      </symbol>
      <symbol id="sm-65">
         <name>IR_dist_11_4</name>
         <value>0x20000328</value>
      </symbol>
      <symbol id="sm-66">
         <name>readI2C0byte</name>
         <value>0x281</value>
         <object_component_ref idref="oc-30"/>
      </symbol>
      <symbol id="sm-67">
         <name>writeI2C0byte</name>
         <value>0x359</value>
         <object_component_ref idref="oc-30"/>
      </symbol>
      <symbol id="sm-68">
         <name>USI2CIntHandler</name>
         <value>0x271</value>
         <object_component_ref idref="oc-30"/>
      </symbol>
      <symbol id="sm-69">
         <name>g_sI2CInst</name>
         <value>0x20000200</value>
         <object_component_ref idref="oc-7b"/>
      </symbol>
      <symbol id="sm-6a">
         <name>main</name>
         <value>0x451</value>
         <object_component_ref idref="oc-30"/>
      </symbol>
      <symbol id="sm-8b">
         <name>ResetISR</name>
         <value>0x1771</value>
         <object_component_ref idref="oc-2a"/>
      </symbol>
      <symbol id="sm-8c">
         <name>g_pfnVectors</name>
         <value>0x0</value>
         <object_component_ref idref="oc-f"/>
      </symbol>
      <symbol id="sm-d6">
         <name>GPIOPinConfigure</name>
         <value>0x1479</value>
         <object_component_ref idref="oc-b4"/>
      </symbol>
      <symbol id="sm-d7">
         <name>GPIOPinTypeI2CSCL</name>
         <value>0x17e3</value>
         <object_component_ref idref="oc-c6"/>
      </symbol>
      <symbol id="sm-d8">
         <name>GPIOPinTypeI2C</name>
         <value>0x17d1</value>
         <object_component_ref idref="oc-cc"/>
      </symbol>
      <symbol id="sm-d9">
         <name>GPIOPinTypeGPIOOutput</name>
         <value>0x178b</value>
         <object_component_ref idref="oc-ba"/>
      </symbol>
      <symbol id="sm-da">
         <name>GPIODirModeSet</name>
         <value>0x16c1</value>
         <object_component_ref idref="oc-19f"/>
      </symbol>
      <symbol id="sm-db">
         <name>GPIOPinWrite</name>
         <value>0x1839</value>
         <object_component_ref idref="oc-c0"/>
      </symbol>
      <symbol id="sm-dc">
         <name>GPIOPadConfigSet</name>
         <value>0xa85</value>
         <object_component_ref idref="oc-199"/>
      </symbol>
      <symbol id="sm-12e">
         <name>I2CMasterDataPut</name>
         <value>0x1853</value>
         <object_component_ref idref="oc-90"/>
      </symbol>
      <symbol id="sm-12f">
         <name>I2CMasterInitExpClk</name>
         <value>0x1509</value>
         <object_component_ref idref="oc-1ad"/>
      </symbol>
      <symbol id="sm-130">
         <name>I2CMasterSlaveAddrSet</name>
         <value>0x1831</value>
         <object_component_ref idref="oc-8a"/>
      </symbol>
      <symbol id="sm-131">
         <name>I2CMasterDataGet</name>
         <value>0x184f</value>
         <object_component_ref idref="oc-9c"/>
      </symbol>
      <symbol id="sm-132">
         <name>I2CMasterIntEnableEx</name>
         <value>0x1829</value>
         <object_component_ref idref="oc-1b9"/>
      </symbol>
      <symbol id="sm-133">
         <name>I2CMasterControl</name>
         <value>0x184b</value>
         <object_component_ref idref="oc-96"/>
      </symbol>
      <symbol id="sm-134">
         <name>I2CMasterBusy</name>
         <value>0x1819</value>
         <object_component_ref idref="oc-84"/>
      </symbol>
      <symbol id="sm-135">
         <name>I2CMasterEnable</name>
         <value>0x180f</value>
         <object_component_ref idref="oc-208"/>
      </symbol>
      <symbol id="sm-136">
         <name>I2CMasterIntClear</name>
         <value>0x1821</value>
         <object_component_ref idref="oc-140"/>
      </symbol>
      <symbol id="sm-15d">
         <name>IntEnable</name>
         <value>0x1229</value>
         <object_component_ref idref="oc-1b3"/>
      </symbol>
      <symbol id="sm-1ba">
         <name>SysCtlClockSet</name>
         <value>0xeb1</value>
         <object_component_ref idref="oc-a2"/>
      </symbol>
      <symbol id="sm-1bb">
         <name>SysCtlDelay</name>
         <value>0x183f</value>
         <object_component_ref idref="oc-de"/>
      </symbol>
      <symbol id="sm-1bc">
         <name>SysCtlPeripheralEnable</name>
         <value>0x168d</value>
         <object_component_ref idref="oc-a8"/>
      </symbol>
      <symbol id="sm-1bd">
         <name>SysCtlClockGet</name>
         <value>0xbb5</value>
         <object_component_ref idref="oc-d2"/>
      </symbol>
      <symbol id="sm-1be">
         <name>SysCtlPeripheralReset</name>
         <value>0x1341</value>
         <object_component_ref idref="oc-ae"/>
      </symbol>
      <symbol id="sm-265">
         <name>I2CMInit</name>
         <value>0x1657</value>
         <object_component_ref idref="oc-d8"/>
      </symbol>
      <symbol id="sm-266">
         <name>I2CMIntHandler</name>
         <value>0xdbd</value>
         <object_component_ref idref="oc-7e"/>
      </symbol>
      <symbol id="sm-278">
         <name>_c_int00</name>
         <value>0x1391</value>
         <object_component_ref idref="oc-24"/>
      </symbol>
      <symbol id="sm-279">
         <name>__stack</name>
         <value>0x20000000</value>
         <object_component_ref idref="oc-29"/>
      </symbol>
      <symbol id="sm-290">
         <name>__TI_decompress_none</name>
         <value>0x17f5</value>
         <object_component_ref idref="oc-12"/>
      </symbol>
      <symbol id="sm-2b8">
         <name>__TI_decompress_rle24</name>
         <value>0x1845</value>
         <object_component_ref idref="oc-18"/>
      </symbol>
      <symbol id="sm-2ca">
         <name>__TI_zero_init</name>
         <value>0x1803</value>
         <object_component_ref idref="oc-1e"/>
      </symbol>
      <symbol id="sm-2e9">
         <name>C$$EXIT</name>
         <value>0x1595</value>
         <object_component_ref idref="oc-70"/>
      </symbol>
      <symbol id="sm-2ea">
         <name>abort</name>
         <value>0x1599</value>
         <object_component_ref idref="oc-70"/>
      </symbol>
      <symbol id="sm-2eb">
         <name>exit</name>
         <value>0x15a1</value>
         <object_component_ref idref="oc-70"/>
      </symbol>
      <symbol id="sm-2ec">
         <name>__TI_dtors_ptr</name>
         <value>0x2000037c</value>
         <object_component_ref idref="oc-131"/>
      </symbol>
      <symbol id="sm-2ed">
         <name>__TI_cleanup_ptr</name>
         <value>0x20000378</value>
         <object_component_ref idref="oc-131"/>
      </symbol>
      <symbol id="sm-311">
         <name>__aeabi_dsub</name>
         <value>0x799</value>
         <object_component_ref idref="oc-e9"/>
      </symbol>
      <symbol id="sm-312">
         <name>__aeabi_dadd</name>
         <value>0x7a3</value>
         <object_component_ref idref="oc-e9"/>
      </symbol>
      <symbol id="sm-332">
         <name>__aeabi_ddiv</name>
         <value>0x94f</value>
         <object_component_ref idref="oc-f5"/>
      </symbol>
      <symbol id="sm-349">
         <name>__aeabi_dmul</name>
         <value>0xcc1</value>
         <object_component_ref idref="oc-e4"/>
      </symbol>
      <symbol id="sm-364">
         <name>memcpy</name>
         <value>0xfa1</value>
         <object_component_ref idref="oc-39"/>
      </symbol>
      <symbol id="sm-365">
         <name>__aeabi_memcpy</name>
         <value>0xfa1</value>
         <object_component_ref idref="oc-39"/>
      </symbol>
      <symbol id="sm-366">
         <name>__aeabi_memcpy8</name>
         <value>0xfa1</value>
         <object_component_ref idref="oc-39"/>
      </symbol>
      <symbol id="sm-367">
         <name>__aeabi_memcpy4</name>
         <value>0xfa1</value>
         <object_component_ref idref="oc-39"/>
      </symbol>
      <symbol id="sm-376">
         <name>__aeabi_memset</name>
         <value>0x10d7</value>
         <object_component_ref idref="oc-52"/>
      </symbol>
      <symbol id="sm-377">
         <name>memset</name>
         <value>0x10dd</value>
         <object_component_ref idref="oc-52"/>
      </symbol>
      <symbol id="sm-378">
         <name>__aeabi_memset8</name>
         <value>0x10d7</value>
         <object_component_ref idref="oc-52"/>
      </symbol>
      <symbol id="sm-379">
         <name>__aeabi_memset4</name>
         <value>0x10d7</value>
         <object_component_ref idref="oc-52"/>
      </symbol>
      <symbol id="sm-37a">
         <name>__aeabi_memclr8</name>
         <value>0x10d5</value>
         <object_component_ref idref="oc-52"/>
      </symbol>
      <symbol id="sm-37b">
         <name>__aeabi_memclr4</name>
         <value>0x10d5</value>
         <object_component_ref idref="oc-52"/>
      </symbol>
      <symbol id="sm-37c">
         <name>__aeabi_memclr</name>
         <value>0x10d5</value>
         <object_component_ref idref="oc-52"/>
      </symbol>
      <symbol id="sm-386">
         <name>_system_pre_init</name>
         <value>0x1857</value>
         <object_component_ref idref="oc-5e"/>
      </symbol>
      <symbol id="sm-38e">
         <name>main_func_sp</name>
         <value>0x20000380</value>
         <object_component_ref idref="oc-76"/>
      </symbol>
      <symbol id="sm-39a">
         <name>__aeabi_ui2d</name>
         <value>0x1735</value>
         <object_component_ref idref="oc-df"/>
      </symbol>
      <symbol id="sm-3b3">
         <name>_nop</name>
         <value>0x17cb</value>
         <object_component_ref idref="oc-1db"/>
      </symbol>
      <symbol id="sm-3b4">
         <name>_lock</name>
         <value>0x20000370</value>
         <object_component_ref idref="oc-12e"/>
      </symbol>
      <symbol id="sm-3b5">
         <name>_unlock</name>
         <value>0x20000374</value>
         <object_component_ref idref="oc-12e"/>
      </symbol>
      <symbol id="sm-3b6">
         <name>_register_lock</name>
         <value>0x17c3</value>
         <object_component_ref idref="oc-1db"/>
      </symbol>
      <symbol id="sm-3b7">
         <name>_register_unlock</name>
         <value>0x17bd</value>
         <object_component_ref idref="oc-1db"/>
      </symbol>
      <symbol id="sm-3cc">
         <name>_args_main</name>
         <value>0x17a5</value>
         <object_component_ref idref="oc-6a"/>
      </symbol>
      <symbol id="sm-3f2">
         <name>__TI_auto_init</name>
         <value>0x1151</value>
         <object_component_ref idref="oc-64"/>
      </symbol>
      <symbol id="sm-40c">
         <name>copy_in</name>
         <value>0x13e1</value>
         <object_component_ref idref="oc-124"/>
      </symbol>
      <symbol id="sm-40d">
         <name>__TI_static_base__</name>
         <value>0x0</value>
      </symbol>
      <symbol id="sm-410">
         <name>SHT$$INIT_ARRAY$$Limit</name>
         <value>0x0</value>
      </symbol>
      <symbol id="sm-411">
         <name>SHT$$INIT_ARRAY$$Base</name>
         <value>0x0</value>
      </symbol>
   </symbol_table>
   <title>Link successful</title>
</link_info>
