******************************************************************************
                  TI ARM Linker PC v5.2.5                      
******************************************************************************
>> Linked Mon Jul 04 12:21:55 2016

OUTPUT FILE NAME:   <us.out>
ENTRY POINT SYMBOL: "_c_int00"  address: 00001029


MEMORY CONFIGURATION

         name            origin    length      used     unused   attr    fill
----------------------  --------  ---------  --------  --------  ----  --------
  FLASH                 00000000   00040000  00001686  0003e97a  R  X
  SRAM                  20000000   00008000  0000035c  00007ca4  RW X


SEGMENT ALLOCATION MAP

run origin  load origin   length   init length attrs members
----------  ----------- ---------- ----------- ----- -------
00000000    00000000    00001688   00001688    r-x
  00000000    00000000    0000026c   0000026c    r-- .intvecs
  0000026c    0000026c    00001276   00001276    r-x .text
  000014e4    000014e4    0000016c   0000016c    r-- .const
  00001650    00001650    00000038   00000038    r-- .cinit
20000000    20000000    0000035c   00000000    rw-
  20000000    20000000    00000200   00000000    rw- .stack
  20000200    20000200    00000148   00000000    rw- .bss
  20000348    20000348    00000014   00000000    rw- .data


SECTION ALLOCATION MAP

 output                                  attributes/
section   page    origin      length       input sections
--------  ----  ----------  ----------   ----------------
.intvecs   0    00000000    0000026c     
                  00000000    0000026c     tm4c123gh6pm_startup_ccs.obj (.intvecs)

.text      0    0000026c    00001276     
                  0000026c    000002f8     main.obj (.text)
                  00000564    000001b6     rtsv7M4_T_le_v4SPD16_eabi.lib : fd_add_t2.obj (.text)
                  0000071a    00000130     driverlib.lib : gpio.obj (.text:GPIOPadConfigSet)
                  0000084a    00000002     --HOLE-- [fill = 0]
                  0000084c    0000010c                   : sysctl.obj (.text:SysCtlClockGet)
                  00000958    000000fc     rtsv7M4_T_le_v4SPD16_eabi.lib : fd_mul_t2.obj (.text)
                  00000a54    000000f2     sensorlib.lib : i2cm_drv.obj (.text:I2CMIntHandler)
                  00000b46    00000002     --HOLE-- [fill = 0]
                  00000b48    000000f0     driverlib.lib : sysctl.obj (.text:SysCtlClockSet)
                  00000c38    0000009c     rtsv7M4_T_le_v4SPD16_eabi.lib : memcpy_t2.obj (.text)
                  00000cd4    00000098     sensorlib.lib : i2cm_drv.obj (.text:I2CMStateIdle)
                  00000d6c    0000007a     rtsv7M4_T_le_v4SPD16_eabi.lib : memset_t2.obj (.text)
                  00000de6    00000002     --HOLE-- [fill = 0]
                  00000de8    0000006c                                   : autoinit.obj (.text)
                  00000e54    0000006a                                   : copy_decompress_rle.obj (.text)
                  00000ebe    00000002     --HOLE-- [fill = 0]
                  00000ec0    00000068     driverlib.lib : interrupt.obj (.text:IntEnable)
                  00000f28    0000005e     sensorlib.lib : i2cm_drv.obj (.text:I2CMStateWritePause)
                  00000f86    00000050                   : i2cm_drv.obj (.text:I2CMStateWriteFinal)
                  00000fd6    00000002     --HOLE-- [fill = 0]
                  00000fd8    00000050     driverlib.lib : sysctl.obj (.text:SysCtlPeripheralReset)
                  00001028    00000050     rtsv7M4_T_le_v4SPD16_eabi.lib : boot.obj (.text)
                  00001078    0000004c                                   : cpy_tbl.obj (.text)
                  000010c4    0000004a     sensorlib.lib : i2cm_drv.obj (.text:I2CMStateReadNext)
                  0000110e    00000002     --HOLE-- [fill = 0]
                  00001110    00000048     driverlib.lib : gpio.obj (.text:GPIOPinConfigure)
                  00001158    00000048     sensorlib.lib : i2cm_drv.obj (.text:I2CMStateWriteNext)
                  000011a0    00000048     driverlib.lib : i2c.obj (.text:I2CMasterInitExpClk)
                  000011e8    00000044     sensorlib.lib : i2cm_drv.obj (.text:I2CMStateCallback)
                  0000122c    00000044     rtsv7M4_T_le_v4SPD16_eabi.lib : exit.obj (.text)
                  00001270    00000040     sensorlib.lib : i2cm_drv.obj (.text:I2CMStateReadFinal)
                  000012b0    0000003e                   : i2cm_drv.obj (.text:I2CMStateReadPause)
                  000012ee    00000034                   : i2cm_drv.obj (.text:I2CMInit)
                  00001322    00000002     --HOLE-- [fill = 0]
                  00001324    00000034     driverlib.lib : sysctl.obj (.text:SysCtlPeripheralEnable)
                  00001358    0000002a                   : gpio.obj (.text:GPIODirModeSet)
                  00001382    0000002a     sensorlib.lib : i2cm_drv.obj (.text:I2CMStateReadFirst)
                  000013ac    00000020                   : i2cm_drv.obj (.text:I2CMStateReadOne)
                  000013cc    00000020     rtsv7M4_T_le_v4SPD16_eabi.lib : u_tofd_t2.obj (.text)
                  000013ec    0000001a     sensorlib.lib : i2cm_drv.obj (.text:I2CMStateReadWait)
                  00001406    00000018     driverlib.lib : gpio.obj (.text:GPIOPinTypeGPIOOutput)
                  0000141e    00000002     --HOLE-- [fill = 0]
                  00001420    00000018     rtsv7M4_T_le_v4SPD16_eabi.lib : args_main.obj (.text)
                  00001438    00000014                                   : _lock.obj (.text)
                  0000144c    00000012     driverlib.lib : gpio.obj (.text:GPIOPinTypeI2C)
                  0000145e    00000012                   : gpio.obj (.text:GPIOPinTypeI2CSCL)
                  00001470    0000000e     rtsv7M4_T_le_v4SPD16_eabi.lib : copy_decompress_none.obj (.text:decompress:none)
                  0000147e    0000000c                                   : copy_zero_init.obj (.text:decompress:ZI)
                  0000148a    0000000c     tm4c123gh6pm_startup_ccs.obj (.text)
                  00001496    0000000a     driverlib.lib : i2c.obj (.text:I2CMasterEnable)
                  000014a0    00000008                   : i2c.obj (.text:I2CMasterBusy)
                  000014a8    00000008                   : i2c.obj (.text:I2CMasterIntClear)
                  000014b0    00000008                   : i2c.obj (.text:I2CMasterIntEnableEx)
                  000014b8    00000008                   : i2c.obj (.text:I2CMasterSlaveAddrSet)
                  000014c0    00000006                   : gpio.obj (.text:GPIOPinWrite)
                  000014c6    00000006                   : sysctl.obj (.text:SysCtlDelay)
                  000014cc    00000006     rtsv7M4_T_le_v4SPD16_eabi.lib : copy_decompress_rle.obj (.text:decompress:rle24)
                  000014d2    00000004     driverlib.lib : i2c.obj (.text:I2CMasterControl)
                  000014d6    00000004                   : i2c.obj (.text:I2CMasterDataGet)
                  000014da    00000004                   : i2c.obj (.text:I2CMasterDataPut)
                  000014de    00000004     rtsv7M4_T_le_v4SPD16_eabi.lib : pre_init.obj (.text)

.const     0    000014e4    0000016c     
                  000014e4    00000090     driverlib.lib : gpio.obj (.const:g_pui32GPIOBaseAddrs)
                  00001574    00000070                   : interrupt.obj (.const)
                  000015e4    0000006c                   : sysctl.obj (.const:g_pui32Xtals)

.cinit     0    00001650    00000038     
                  00001650    0000000f     (.cinit..data.load) [load image, compression = rle]
                  0000165f    00000001     --HOLE-- [fill = 0]
                  00001660    0000000c     (__TI_handler_table)
                  0000166c    00000004     --HOLE-- [fill = 0]
                  00001670    00000008     (.cinit..bss.load) [load image, compression = zero_init]
                  00001678    00000010     (__TI_cinit_table)

.init_array 
*          0    00000000    00000000     UNINITIALIZED

.stack     0    20000000    00000200     UNINITIALIZED
                  20000000    00000200     --HOLE--

.bss       0    20000200    00000148     UNINITIALIZED
                  20000200    00000124     main.obj (.bss:g_sI2CInst)
                  20000324    00000004     --HOLE--
                  20000328    00000008     (.common:a)
                  20000330    00000008     (.common:b)
                  20000338    00000008     (.common:c)
                  20000340    00000008     (.common:d)

.TI.noinit 
*          0    20000200    00000000     UNINITIALIZED

.data      0    20000348    00000014     UNINITIALIZED
                  20000348    00000008     rtsv7M4_T_le_v4SPD16_eabi.lib : _lock.obj (.data)
                  20000350    00000008                                   : exit.obj (.data)
                  20000358    00000004                                   : stkdepth_vars.obj (.data)

.TI.persistent 
*          0    20000348    00000000     UNINITIALIZED


LINKER GENERATED COPY TABLES

__TI_cinit_table @ 00001678 records: 2, size/record: 8, table size: 16
	.data: load addr=00001650, load size=0000000f bytes, run addr=20000348, run size=00000014 bytes, compression=rle
	.bss: load addr=00001670, load size=00000008 bytes, run addr=20000200, run size=00000148 bytes, compression=zero_init


LINKER GENERATED HANDLER TABLE

__TI_handler_table @ 00001660 records: 3, size/record: 4, table size: 12
	index: 0, handler: __TI_decompress_rle24
	index: 1, handler: __TI_decompress_none
	index: 2, handler: __TI_zero_init


GLOBAL SYMBOLS: SORTED ALPHABETICALLY BY Name 

address   name                    
-------   ----                    
0000122d  C$$EXIT                 
00001359  GPIODirModeSet          
0000071b  GPIOPadConfigSet        
00001111  GPIOPinConfigure        
00001407  GPIOPinTypeGPIOOutput   
0000144d  GPIOPinTypeI2C          
0000145f  GPIOPinTypeI2CSCL       
000014c1  GPIOPinWrite            
000012ef  I2CMInit                
00000a55  I2CMIntHandler          
000014a1  I2CMasterBusy           
000014d3  I2CMasterControl        
000014d7  I2CMasterDataGet        
000014db  I2CMasterDataPut        
00001497  I2CMasterEnable         
000011a1  I2CMasterInitExpClk     
000014a9  I2CMasterIntClear       
000014b1  I2CMasterIntEnableEx    
000014b9  I2CMasterSlaveAddrSet   
00000ec1  IntEnable               
0000148b  ResetISR                
UNDEFED   SHT$$INIT_ARRAY$$Base   
UNDEFED   SHT$$INIT_ARRAY$$Limit  
0000084d  SysCtlClockGet          
00000b49  SysCtlClockSet          
000014c7  SysCtlDelay             
00001325  SysCtlPeripheralEnable  
00000fd9  SysCtlPeripheralReset   
0000026d  USI2CIntHandler         
20000200  __STACK_END             
00000200  __STACK_SIZE            
20000200  __STACK_TOP             
00001678  __TI_CINIT_Base         
00001688  __TI_CINIT_Limit        
00001660  __TI_Handler_Table_Base 
0000166c  __TI_Handler_Table_Limit
00000de9  __TI_auto_init          
20000350  __TI_cleanup_ptr        
00001471  __TI_decompress_none    
000014cd  __TI_decompress_rle24   
20000354  __TI_dtors_ptr          
00000000  __TI_static_base__      
0000147f  __TI_zero_init          
0000056f  __aeabi_dadd            
00000959  __aeabi_dmul            
00000565  __aeabi_dsub            
00000d6d  __aeabi_memclr          
00000d6d  __aeabi_memclr4         
00000d6d  __aeabi_memclr8         
00000c39  __aeabi_memcpy          
00000c39  __aeabi_memcpy4         
00000c39  __aeabi_memcpy8         
00000d6f  __aeabi_memset          
00000d6f  __aeabi_memset4         
00000d6f  __aeabi_memset8         
000013cd  __aeabi_ui2d            
ffffffff  __binit__               
ffffffff  __c_args__              
20000000  __stack                 
00001421  _args_main              
00001029  _c_int00                
20000348  _lock                   
00001447  _nop                    
0000143f  _register_lock          
00001439  _register_unlock        
000014df  _system_pre_init        
2000034c  _unlock                 
20000328  a                       
00001231  abort                   
20000330  b                       
ffffffff  binit                   
20000338  c                       
00001079  copy_in                 
20000340  d                       
00001239  exit                    
00000000  g_pfnVectors            
20000200  g_sI2CInst              
0000035d  main                    
20000358  main_func_sp            
00000c39  memcpy                  
00000d75  memset                  
00000277  readI2C0byte            
000002e3  writeI2C0byte           


GLOBAL SYMBOLS: SORTED BY Symbol Address 

address   name                    
-------   ----                    
00000000  __TI_static_base__      
00000000  g_pfnVectors            
00000200  __STACK_SIZE            
0000026d  USI2CIntHandler         
00000277  readI2C0byte            
000002e3  writeI2C0byte           
0000035d  main                    
00000565  __aeabi_dsub            
0000056f  __aeabi_dadd            
0000071b  GPIOPadConfigSet        
0000084d  SysCtlClockGet          
00000959  __aeabi_dmul            
00000a55  I2CMIntHandler          
00000b49  SysCtlClockSet          
00000c39  __aeabi_memcpy          
00000c39  __aeabi_memcpy4         
00000c39  __aeabi_memcpy8         
00000c39  memcpy                  
00000d6d  __aeabi_memclr          
00000d6d  __aeabi_memclr4         
00000d6d  __aeabi_memclr8         
00000d6f  __aeabi_memset          
00000d6f  __aeabi_memset4         
00000d6f  __aeabi_memset8         
00000d75  memset                  
00000de9  __TI_auto_init          
00000ec1  IntEnable               
00000fd9  SysCtlPeripheralReset   
00001029  _c_int00                
00001079  copy_in                 
00001111  GPIOPinConfigure        
000011a1  I2CMasterInitExpClk     
0000122d  C$$EXIT                 
00001231  abort                   
00001239  exit                    
000012ef  I2CMInit                
00001325  SysCtlPeripheralEnable  
00001359  GPIODirModeSet          
000013cd  __aeabi_ui2d            
00001407  GPIOPinTypeGPIOOutput   
00001421  _args_main              
00001439  _register_unlock        
0000143f  _register_lock          
00001447  _nop                    
0000144d  GPIOPinTypeI2C          
0000145f  GPIOPinTypeI2CSCL       
00001471  __TI_decompress_none    
0000147f  __TI_zero_init          
0000148b  ResetISR                
00001497  I2CMasterEnable         
000014a1  I2CMasterBusy           
000014a9  I2CMasterIntClear       
000014b1  I2CMasterIntEnableEx    
000014b9  I2CMasterSlaveAddrSet   
000014c1  GPIOPinWrite            
000014c7  SysCtlDelay             
000014cd  __TI_decompress_rle24   
000014d3  I2CMasterControl        
000014d7  I2CMasterDataGet        
000014db  I2CMasterDataPut        
000014df  _system_pre_init        
00001660  __TI_Handler_Table_Base 
0000166c  __TI_Handler_Table_Limit
00001678  __TI_CINIT_Base         
00001688  __TI_CINIT_Limit        
20000000  __stack                 
20000200  __STACK_END             
20000200  __STACK_TOP             
20000200  g_sI2CInst              
20000328  a                       
20000330  b                       
20000338  c                       
20000340  d                       
20000348  _lock                   
2000034c  _unlock                 
20000350  __TI_cleanup_ptr        
20000354  __TI_dtors_ptr          
20000358  main_func_sp            
ffffffff  __binit__               
ffffffff  __c_args__              
ffffffff  binit                   
UNDEFED   SHT$$INIT_ARRAY$$Base   
UNDEFED   SHT$$INIT_ARRAY$$Limit  

[83 symbols]
